[0.154s] DEBUG:colcon:Command line arguments: ['/usr/bin/colcon', 'build']
[0.154s] DEBUG:colcon:Parsed command line arguments: Namespace(log_base=None, log_level=None, verb_name='build', build_base='build', install_base='install', merge_install=False, symlink_install=False, test_result_base=None, continue_on_error=False, executor='parallel', parallel_workers=8, event_handlers=None, ignore_user_meta=False, metas=['./colcon.meta'], base_paths=['.'], packages_ignore=None, packages_ignore_regex=None, paths=None, packages_up_to=None, packages_up_to_regex=None, packages_above=None, packages_above_and_dependencies=None, packages_above_depth=None, packages_select_by_dep=None, packages_skip_by_dep=None, packages_skip_up_to=None, packages_select_build_failed=False, packages_skip_build_finished=False, packages_select_test_failures=False, packages_skip_test_passed=False, packages_select=None, packages_skip=None, packages_select_regex=None, packages_skip_regex=None, packages_start=None, packages_end=None, allow_overriding=[], cmake_args=None, cmake_target=None, cmake_target_skip_unavailable=False, cmake_clean_cache=False, cmake_clean_first=False, cmake_force_configure=False, ament_cmake_args=None, catkin_cmake_args=None, catkin_skip_building_tests=False, verb_parser=<colcon_defaults.argument_parser.defaults.DefaultArgumentsDecorator object at 0xffff913e66b0>, verb_extension=<colcon_core.verb.build.BuildVerb object at 0xffff91583b20>, main=<bound method BuildVerb.main of <colcon_core.verb.build.BuildVerb object at 0xffff91583b20>>)
[0.363s] Level 1:colcon.colcon_core.package_discovery:discover_packages(colcon_meta) check parameters
[0.363s] Level 1:colcon.colcon_core.package_discovery:discover_packages(recursive) check parameters
[0.363s] Level 1:colcon.colcon_core.package_discovery:discover_packages(ignore) check parameters
[0.363s] Level 1:colcon.colcon_core.package_discovery:discover_packages(path) check parameters
[0.363s] Level 1:colcon.colcon_core.package_discovery:discover_packages(colcon_meta) discover
[0.363s] Level 1:colcon.colcon_core.package_discovery:discover_packages(recursive) discover
[0.363s] INFO:colcon.colcon_core.package_discovery:Crawling recursively for packages in '/home/wall-e/Documents/project/wall-e-robot'
[0.363s] Level 1:colcon.colcon_core.package_identification:_identify(.) by extensions ['ignore', 'ignore_ament_install']
[0.364s] Level 1:colcon.colcon_core.package_identification:_identify(.) by extension 'ignore'
[0.364s] Level 1:colcon.colcon_core.package_identification:_identify(.) by extension 'ignore_ament_install'
[0.364s] Level 1:colcon.colcon_core.package_identification:_identify(.) by extensions ['colcon_pkg']
[0.364s] Level 1:colcon.colcon_core.package_identification:_identify(.) by extension 'colcon_pkg'
[0.364s] Level 1:colcon.colcon_core.package_identification:_identify(.) by extensions ['colcon_meta']
[0.364s] Level 1:colcon.colcon_core.package_identification:_identify(.) by extension 'colcon_meta'
[0.364s] Level 1:colcon.colcon_core.package_identification:_identify(.) by extensions ['ros']
[0.364s] Level 1:colcon.colcon_core.package_identification:_identify(.) by extension 'ros'
[0.391s] DEBUG:colcon.colcon_core.package_identification:Package '.' with type 'ros.ament_cmake' and name 'wall-e-robot'
[0.391s] Level 1:colcon.colcon_core.package_discovery:discover_packages(recursive) using defaults
[0.391s] Level 1:colcon.colcon_core.package_discovery:discover_packages(ignore) discover
[0.391s] Level 1:colcon.colcon_core.package_discovery:discover_packages(ignore) using defaults
[0.391s] Level 1:colcon.colcon_core.package_discovery:discover_packages(path) discover
[0.391s] Level 1:colcon.colcon_core.package_discovery:discover_packages(path) using defaults
[0.421s] Level 1:colcon.colcon_core.package_discovery:discover_packages(prefix_path) check parameters
[0.421s] Level 1:colcon.colcon_core.package_discovery:discover_packages(prefix_path) discover
[0.422s] WARNING:colcon.colcon_ros.prefix_path.ament:The path '/home/wall-e/Documents/project/wall-e-robot/install/wall-e-robot' in the environment variable AMENT_PREFIX_PATH doesn't exist
[0.423s] WARNING:colcon.colcon_ros.prefix_path.catkin:The path '/home/wall-e/Documents/project/wall-e-robot/install/wall-e-robot' in the environment variable CMAKE_PREFIX_PATH doesn't exist
[0.424s] DEBUG:colcon.colcon_installed_package_information.package_discovery:Found 0 installed packages in /home/wall-e/Documents/project/wall-e-robot/install
[0.426s] DEBUG:colcon.colcon_installed_package_information.package_discovery:Found 297 installed packages in /opt/ros/humble
[0.428s] Level 1:colcon.colcon_core.package_discovery:discover_packages(prefix_path) using defaults
[0.524s] Level 5:colcon.colcon_core.verb:set package 'wall-e-robot' build argument 'cmake_args' from command line to 'None'
[0.524s] Level 5:colcon.colcon_core.verb:set package 'wall-e-robot' build argument 'cmake_target' from command line to 'None'
[0.524s] Level 5:colcon.colcon_core.verb:set package 'wall-e-robot' build argument 'cmake_target_skip_unavailable' from command line to 'False'
[0.524s] Level 5:colcon.colcon_core.verb:set package 'wall-e-robot' build argument 'cmake_clean_cache' from command line to 'False'
[0.524s] Level 5:colcon.colcon_core.verb:set package 'wall-e-robot' build argument 'cmake_clean_first' from command line to 'False'
[0.524s] Level 5:colcon.colcon_core.verb:set package 'wall-e-robot' build argument 'cmake_force_configure' from command line to 'False'
[0.524s] Level 5:colcon.colcon_core.verb:set package 'wall-e-robot' build argument 'ament_cmake_args' from command line to 'None'
[0.524s] Level 5:colcon.colcon_core.verb:set package 'wall-e-robot' build argument 'catkin_cmake_args' from command line to 'None'
[0.524s] Level 5:colcon.colcon_core.verb:set package 'wall-e-robot' build argument 'catkin_skip_building_tests' from command line to 'False'
[0.524s] DEBUG:colcon.colcon_core.verb:Building package 'wall-e-robot' with the following arguments: {'ament_cmake_args': None, 'build_base': '/home/wall-e/Documents/project/wall-e-robot/build/wall-e-robot', 'catkin_cmake_args': None, 'catkin_skip_building_tests': False, 'cmake_args': None, 'cmake_clean_cache': False, 'cmake_clean_first': False, 'cmake_force_configure': False, 'cmake_target': None, 'cmake_target_skip_unavailable': False, 'install_base': '/home/wall-e/Documents/project/wall-e-robot/install/wall-e-robot', 'merge_install': False, 'path': '/home/wall-e/Documents/project/wall-e-robot', 'symlink_install': False, 'test_result_base': None}
[0.524s] INFO:colcon.colcon_core.executor:Executing jobs using 'parallel' executor
[0.527s] DEBUG:colcon.colcon_parallel_executor.executor.parallel:run_until_complete
[0.527s] INFO:colcon.colcon_ros.task.ament_cmake.build:Building ROS package in '/home/wall-e/Documents/project/wall-e-robot' with build type 'ament_cmake'
[0.527s] INFO:colcon.colcon_cmake.task.cmake.build:Building CMake package in '/home/wall-e/Documents/project/wall-e-robot'
[0.531s] INFO:colcon.colcon_core.plugin_system:Skipping extension 'colcon_core.shell.bat': Not used on non-Windows systems
[0.531s] INFO:colcon.colcon_core.shell:Skip shell extension 'powershell' for command environment: Not usable outside of PowerShell
[0.531s] DEBUG:colcon.colcon_core.shell:Skip shell extension 'dsv' for command environment
[0.548s] DEBUG:colcon.colcon_core.event_handler.log_command:Invoking command in '/home/wall-e/Documents/project/wall-e-robot/build/wall-e-robot': CMAKE_PREFIX_PATH=${CMAKE_PREFIX_PATH}:/opt/ros/humble /usr/bin/cmake /home/wall-e/Documents/project/wall-e-robot -DCMAKE_INSTALL_PREFIX=/home/wall-e/Documents/project/wall-e-robot/install/wall-e-robot
[3.231s] DEBUG:colcon.colcon_core.event_handler.log_command:Invoked command in '/home/wall-e/Documents/project/wall-e-robot/build/wall-e-robot' returned '0': CMAKE_PREFIX_PATH=${CMAKE_PREFIX_PATH}:/opt/ros/humble /usr/bin/cmake /home/wall-e/Documents/project/wall-e-robot -DCMAKE_INSTALL_PREFIX=/home/wall-e/Documents/project/wall-e-robot/install/wall-e-robot
[3.234s] DEBUG:colcon.colcon_core.event_handler.log_command:Invoking command in '/home/wall-e/Documents/project/wall-e-robot/build/wall-e-robot': CMAKE_PREFIX_PATH=${CMAKE_PREFIX_PATH}:/opt/ros/humble /usr/bin/cmake --build /home/wall-e/Documents/project/wall-e-robot/build/wall-e-robot -- -j8 -l8
[3.366s] DEBUG:colcon.colcon_core.event_handler.log_command:Invoked command in '/home/wall-e/Documents/project/wall-e-robot/build/wall-e-robot' returned '0': CMAKE_PREFIX_PATH=${CMAKE_PREFIX_PATH}:/opt/ros/humble /usr/bin/cmake --build /home/wall-e/Documents/project/wall-e-robot/build/wall-e-robot -- -j8 -l8
[3.397s] DEBUG:colcon.colcon_core.event_handler.log_command:Invoking command in '/home/wall-e/Documents/project/wall-e-robot/build/wall-e-robot': CMAKE_PREFIX_PATH=${CMAKE_PREFIX_PATH}:/opt/ros/humble /usr/bin/cmake --install /home/wall-e/Documents/project/wall-e-robot/build/wall-e-robot
[3.441s] Level 1:colcon.colcon_core.environment:create_environment_scripts_only(wall-e-robot)
[3.455s] DEBUG:colcon.colcon_core.event_handler.log_command:Invoked command in '/home/wall-e/Documents/project/wall-e-robot/build/wall-e-robot' returned '0': CMAKE_PREFIX_PATH=${CMAKE_PREFIX_PATH}:/opt/ros/humble /usr/bin/cmake --install /home/wall-e/Documents/project/wall-e-robot/build/wall-e-robot
[3.460s] Level 1:colcon.colcon_core.environment:checking '/home/wall-e/Documents/project/wall-e-robot/install/wall-e-robot' for CMake module files
[3.463s] Level 1:colcon.colcon_core.environment:checking '/home/wall-e/Documents/project/wall-e-robot/install/wall-e-robot' for CMake config files
[3.464s] Level 1:colcon.colcon_core.shell:create_environment_hook('wall-e-robot', 'cmake_prefix_path')
[3.465s] INFO:colcon.colcon_core.shell:Creating environment hook '/home/wall-e/Documents/project/wall-e-robot/install/wall-e-robot/share/wall-e-robot/hook/cmake_prefix_path.ps1'
[3.468s] INFO:colcon.colcon_core.shell:Creating environment descriptor '/home/wall-e/Documents/project/wall-e-robot/install/wall-e-robot/share/wall-e-robot/hook/cmake_prefix_path.dsv'
[3.470s] INFO:colcon.colcon_core.shell:Creating environment hook '/home/wall-e/Documents/project/wall-e-robot/install/wall-e-robot/share/wall-e-robot/hook/cmake_prefix_path.sh'
[3.474s] Level 1:colcon.colcon_core.environment:checking '/home/wall-e/Documents/project/wall-e-robot/install/wall-e-robot/bin'
[3.474s] Level 1:colcon.colcon_core.environment:checking '/home/wall-e/Documents/project/wall-e-robot/install/wall-e-robot/lib/pkgconfig/wall-e-robot.pc'
[3.475s] Level 1:colcon.colcon_core.environment:checking '/home/wall-e/Documents/project/wall-e-robot/install/wall-e-robot/lib/python3.10/site-packages'
[3.477s] Level 1:colcon.colcon_core.environment:checking '/home/wall-e/Documents/project/wall-e-robot/install/wall-e-robot/bin'
[3.478s] INFO:colcon.colcon_core.shell:Creating package script '/home/wall-e/Documents/project/wall-e-robot/install/wall-e-robot/share/wall-e-robot/package.ps1'
[3.484s] INFO:colcon.colcon_core.shell:Creating package descriptor '/home/wall-e/Documents/project/wall-e-robot/install/wall-e-robot/share/wall-e-robot/package.dsv'
[3.486s] INFO:colcon.colcon_core.shell:Creating package script '/home/wall-e/Documents/project/wall-e-robot/install/wall-e-robot/share/wall-e-robot/package.sh'
[3.489s] INFO:colcon.colcon_core.shell:Creating package script '/home/wall-e/Documents/project/wall-e-robot/install/wall-e-robot/share/wall-e-robot/package.bash'
[3.493s] INFO:colcon.colcon_core.shell:Creating package script '/home/wall-e/Documents/project/wall-e-robot/install/wall-e-robot/share/wall-e-robot/package.zsh'
[3.494s] Level 1:colcon.colcon_core.environment:create_file_with_runtime_dependencies(/home/wall-e/Documents/project/wall-e-robot/install/wall-e-robot/share/colcon-core/packages/wall-e-robot)
[3.496s] Level 1:colcon.colcon_core.environment:create_environment_scripts_only(wall-e-robot)
[3.496s] Level 1:colcon.colcon_core.environment:checking '/home/wall-e/Documents/project/wall-e-robot/install/wall-e-robot' for CMake module files
[3.496s] Level 1:colcon.colcon_core.environment:checking '/home/wall-e/Documents/project/wall-e-robot/install/wall-e-robot' for CMake config files
[3.497s] Level 1:colcon.colcon_core.shell:create_environment_hook('wall-e-robot', 'cmake_prefix_path')
[3.497s] INFO:colcon.colcon_core.shell:Creating environment hook '/home/wall-e/Documents/project/wall-e-robot/install/wall-e-robot/share/wall-e-robot/hook/cmake_prefix_path.ps1'
[3.498s] INFO:colcon.colcon_core.shell:Creating environment descriptor '/home/wall-e/Documents/project/wall-e-robot/install/wall-e-robot/share/wall-e-robot/hook/cmake_prefix_path.dsv'
[3.498s] INFO:colcon.colcon_core.shell:Creating environment hook '/home/wall-e/Documents/project/wall-e-robot/install/wall-e-robot/share/wall-e-robot/hook/cmake_prefix_path.sh'
[3.499s] Level 1:colcon.colcon_core.environment:checking '/home/wall-e/Documents/project/wall-e-robot/install/wall-e-robot/bin'
[3.499s] Level 1:colcon.colcon_core.environment:checking '/home/wall-e/Documents/project/wall-e-robot/install/wall-e-robot/lib/pkgconfig/wall-e-robot.pc'
[3.500s] Level 1:colcon.colcon_core.environment:checking '/home/wall-e/Documents/project/wall-e-robot/install/wall-e-robot/lib/python3.10/site-packages'
[3.500s] Level 1:colcon.colcon_core.environment:checking '/home/wall-e/Documents/project/wall-e-robot/install/wall-e-robot/bin'
[3.501s] INFO:colcon.colcon_core.shell:Creating package script '/home/wall-e/Documents/project/wall-e-robot/install/wall-e-robot/share/wall-e-robot/package.ps1'
[3.502s] INFO:colcon.colcon_core.shell:Creating package descriptor '/home/wall-e/Documents/project/wall-e-robot/install/wall-e-robot/share/wall-e-robot/package.dsv'
[3.502s] INFO:colcon.colcon_core.shell:Creating package script '/home/wall-e/Documents/project/wall-e-robot/install/wall-e-robot/share/wall-e-robot/package.sh'
[3.503s] INFO:colcon.colcon_core.shell:Creating package script '/home/wall-e/Documents/project/wall-e-robot/install/wall-e-robot/share/wall-e-robot/package.bash'
[3.504s] INFO:colcon.colcon_core.shell:Creating package script '/home/wall-e/Documents/project/wall-e-robot/install/wall-e-robot/share/wall-e-robot/package.zsh'
[3.504s] Level 1:colcon.colcon_core.environment:create_file_with_runtime_dependencies(/home/wall-e/Documents/project/wall-e-robot/install/wall-e-robot/share/colcon-core/packages/wall-e-robot)
[3.505s] DEBUG:colcon.colcon_parallel_executor.executor.parallel:closing loop
[3.505s] DEBUG:colcon.colcon_parallel_executor.executor.parallel:loop closed
[3.505s] DEBUG:colcon.colcon_parallel_executor.executor.parallel:run_until_complete finished with '0'
[3.506s] DEBUG:colcon.colcon_core.event_reactor:joining thread
[3.508s] DEBUG:colcon.colcon_core.event_reactor:joined thread
[3.508s] INFO:colcon.colcon_core.shell:Creating prefix script '/home/wall-e/Documents/project/wall-e-robot/install/local_setup.ps1'
[3.509s] INFO:colcon.colcon_core.shell:Creating prefix util module '/home/wall-e/Documents/project/wall-e-robot/install/_local_setup_util_ps1.py'
[3.511s] INFO:colcon.colcon_core.shell:Creating prefix chain script '/home/wall-e/Documents/project/wall-e-robot/install/setup.ps1'
[3.513s] INFO:colcon.colcon_core.shell:Creating prefix script '/home/wall-e/Documents/project/wall-e-robot/install/local_setup.sh'
[3.514s] INFO:colcon.colcon_core.shell:Creating prefix util module '/home/wall-e/Documents/project/wall-e-robot/install/_local_setup_util_sh.py'
[3.514s] INFO:colcon.colcon_core.shell:Creating prefix chain script '/home/wall-e/Documents/project/wall-e-robot/install/setup.sh'
[3.516s] INFO:colcon.colcon_core.shell:Creating prefix script '/home/wall-e/Documents/project/wall-e-robot/install/local_setup.bash'
[3.517s] INFO:colcon.colcon_core.shell:Creating prefix chain script '/home/wall-e/Documents/project/wall-e-robot/install/setup.bash'
[3.518s] INFO:colcon.colcon_core.shell:Creating prefix script '/home/wall-e/Documents/project/wall-e-robot/install/local_setup.zsh'
[3.518s] INFO:colcon.colcon_core.shell:Creating prefix chain script '/home/wall-e/Documents/project/wall-e-robot/install/setup.zsh'
