[0.019s] Invoking command in '/home/wall-e/Documents/project/wall-e-robot/build/wall-e-robot': CMAKE_PREFIX_PATH=${CMAKE_PREFIX_PATH}:/opt/ros/humble /usr/bin/cmake /home/wall-e/Documents/project/wall-e-robot -DCMAKE_INSTALL_PREFIX=/home/wall-e/Documents/project/wall-e-robot/install/wall-e-robot
[0.640s] -- The C compiler identification is GNU 11.4.0
[1.134s] -- The CXX compiler identification is GNU 11.4.0
[1.166s] -- Detecting C compiler ABI info
[1.531s] -- Detecting C compiler ABI info - done
[1.568s] -- Check for working C compiler: /usr/bin/cc - skipped
[1.570s] -- Detecting C compile features
[1.571s] -- Detecting C compile features - done
[1.577s] -- Detecting CXX compiler ABI info
[1.864s] -- Detecting CXX compiler ABI info - done
[1.902s] -- Check for working CXX compiler: /usr/bin/c++ - skipped
[1.903s] -- Detecting CXX compile features
[1.905s] -- Detecting CXX compile features - done
[1.911s] -- Found ament_cmake: 1.3.14 (/opt/ros/humble/share/ament_cmake/cmake)
[2.248s] -- Found Python3: /usr/bin/python3 (found version "3.10.12") found components: Interpreter 
[2.437s] -- Found ament_lint_auto: 0.12.15 (/opt/ros/humble/share/ament_lint_auto/cmake)
[2.581s] -- Added test 'copyright' to check source files copyright and LICENSE
[2.608s] -- Added test 'cppcheck' to perform static code analysis on C / C++ code
[2.608s] -- Configured cppcheck include dirs: 
[2.609s] -- Configured cppcheck exclude dirs and/or files: 
[2.633s] -- Added test 'cpplint' to check C / C++ code against the Google style
[2.633s] -- Configured cpplint exclude dirs and/or files: 
[2.637s] -- Added test 'flake8' to check Python code syntax and style conventions
[2.644s] -- Added test 'lint_cmake' to check CMake code style
[2.648s] -- Added test 'pep257' to check Python code against some of the docstring style conventions in PEP 257
[2.673s] -- Added test 'uncrustify' to check C / C++ code style
[2.673s] -- Configured uncrustify additional arguments: 
[2.677s] -- Added test 'xmllint' to check XML markup files
[2.679s] -- Configuring done
[2.685s] -- Generating done
[2.688s] -- Build files have been written to: /home/wall-e/Documents/project/wall-e-robot/build/wall-e-robot
[2.702s] Invoked command in '/home/wall-e/Documents/project/wall-e-robot/build/wall-e-robot' returned '0': CMAKE_PREFIX_PATH=${CMAKE_PREFIX_PATH}:/opt/ros/humble /usr/bin/cmake /home/wall-e/Documents/project/wall-e-robot -DCMAKE_INSTALL_PREFIX=/home/wall-e/Documents/project/wall-e-robot/install/wall-e-robot
[2.705s] Invoking command in '/home/wall-e/Documents/project/wall-e-robot/build/wall-e-robot': CMAKE_PREFIX_PATH=${CMAKE_PREFIX_PATH}:/opt/ros/humble /usr/bin/cmake --build /home/wall-e/Documents/project/wall-e-robot/build/wall-e-robot -- -j8 -l8
[2.837s] Invoked command in '/home/wall-e/Documents/project/wall-e-robot/build/wall-e-robot' returned '0': CMAKE_PREFIX_PATH=${CMAKE_PREFIX_PATH}:/opt/ros/humble /usr/bin/cmake --build /home/wall-e/Documents/project/wall-e-robot/build/wall-e-robot -- -j8 -l8
[2.866s] Invoking command in '/home/wall-e/Documents/project/wall-e-robot/build/wall-e-robot': CMAKE_PREFIX_PATH=${CMAKE_PREFIX_PATH}:/opt/ros/humble /usr/bin/cmake --install /home/wall-e/Documents/project/wall-e-robot/build/wall-e-robot
[2.896s] -- Install configuration: ""
[2.896s] -- Installing: /home/wall-e/Documents/project/wall-e-robot/install/wall-e-robot/share/wall-e-robot/config
[2.897s] -- Installing: /home/wall-e/Documents/project/wall-e-robot/install/wall-e-robot/share/wall-e-robot/config/ros2_controllers.yaml
[2.898s] -- Installing: /home/wall-e/Documents/project/wall-e-robot/install/wall-e-robot/share/wall-e-robot/config/gz_bridge.yaml
[2.898s] -- Installing: /home/wall-e/Documents/project/wall-e-robot/install/wall-e-robot/share/wall-e-robot/config/nav2_params.yaml
[2.899s] -- Installing: /home/wall-e/Documents/project/wall-e-robot/install/wall-e-robot/share/wall-e-robot/config/nav2.rviz
[2.899s] -- Installing: /home/wall-e/Documents/project/wall-e-robot/install/wall-e-robot/share/wall-e-robot/config/joystick.yaml
[2.900s] -- Installing: /home/wall-e/Documents/project/wall-e-robot/install/wall-e-robot/share/wall-e-robot/config/mapper_params_online_async.yaml
[2.900s] -- Installing: /home/wall-e/Documents/project/wall-e-robot/install/wall-e-robot/share/wall-e-robot/config/empty.yaml
[2.901s] -- Installing: /home/wall-e/Documents/project/wall-e-robot/install/wall-e-robot/share/wall-e-robot/description
[2.901s] -- Installing: /home/wall-e/Documents/project/wall-e-robot/install/wall-e-robot/share/wall-e-robot/description/robot_core_v2.xacro
[2.902s] -- Installing: /home/wall-e/Documents/project/wall-e-robot/install/wall-e-robot/share/wall-e-robot/description/inertial_macros.xacro
[2.902s] -- Installing: /home/wall-e/Documents/project/wall-e-robot/install/wall-e-robot/share/wall-e-robot/description/robot_core.xacro
[2.903s] -- Installing: /home/wall-e/Documents/project/wall-e-robot/install/wall-e-robot/share/wall-e-robot/description/gazebo_control.xacro
[2.903s] -- Installing: /home/wall-e/Documents/project/wall-e-robot/install/wall-e-robot/share/wall-e-robot/description/lidar.xacro
[2.903s] -- Installing: /home/wall-e/Documents/project/wall-e-robot/install/wall-e-robot/share/wall-e-robot/description/camera.xacro
[2.904s] -- Installing: /home/wall-e/Documents/project/wall-e-robot/install/wall-e-robot/share/wall-e-robot/description/ros2_control.xacro
[2.904s] -- Installing: /home/wall-e/Documents/project/wall-e-robot/install/wall-e-robot/share/wall-e-robot/description/robot.urdf.xacro
[2.905s] -- Installing: /home/wall-e/Documents/project/wall-e-robot/install/wall-e-robot/share/wall-e-robot/launch
[2.905s] -- Installing: /home/wall-e/Documents/project/wall-e-robot/install/wall-e-robot/share/wall-e-robot/launch/joystick.launch.py
[2.906s] -- Installing: /home/wall-e/Documents/project/wall-e-robot/install/wall-e-robot/share/wall-e-robot/launch/navigation_launch.launch.py
[2.907s] -- Installing: /home/wall-e/Documents/project/wall-e-robot/install/wall-e-robot/share/wall-e-robot/launch/slam.launch.py
[2.907s] -- Installing: /home/wall-e/Documents/project/wall-e-robot/install/wall-e-robot/share/wall-e-robot/launch/rsp.launch.py
[2.908s] -- Installing: /home/wall-e/Documents/project/wall-e-robot/install/wall-e-robot/share/wall-e-robot/launch/launch_sim.launch.py
[2.908s] -- Installing: /home/wall-e/Documents/project/wall-e-robot/install/wall-e-robot/share/wall-e-robot/launch/launch_robot.launch.py
[2.909s] -- Installing: /home/wall-e/Documents/project/wall-e-robot/install/wall-e-robot/share/wall-e-robot/worlds
[2.909s] -- Installing: /home/wall-e/Documents/project/wall-e-robot/install/wall-e-robot/share/wall-e-robot/worlds/empty.world
[2.909s] -- Installing: /home/wall-e/Documents/project/wall-e-robot/install/wall-e-robot/share/wall-e-robot/worlds/office.sdf
[2.910s] -- Installing: /home/wall-e/Documents/project/wall-e-robot/install/wall-e-robot/share/ament_index/resource_index/package_run_dependencies/wall-e-robot
[2.911s] -- Installing: /home/wall-e/Documents/project/wall-e-robot/install/wall-e-robot/share/ament_index/resource_index/parent_prefix_path/wall-e-robot
[2.914s] -- Installing: /home/wall-e/Documents/project/wall-e-robot/install/wall-e-robot/share/wall-e-robot/environment/ament_prefix_path.sh
[2.915s] -- Installing: /home/wall-e/Documents/project/wall-e-robot/install/wall-e-robot/share/wall-e-robot/environment/ament_prefix_path.dsv
[2.916s] -- Installing: /home/wall-e/Documents/project/wall-e-robot/install/wall-e-robot/share/wall-e-robot/environment/path.sh
[2.917s] -- Installing: /home/wall-e/Documents/project/wall-e-robot/install/wall-e-robot/share/wall-e-robot/environment/path.dsv
[2.918s] -- Installing: /home/wall-e/Documents/project/wall-e-robot/install/wall-e-robot/share/wall-e-robot/local_setup.bash
[2.919s] -- Installing: /home/wall-e/Documents/project/wall-e-robot/install/wall-e-robot/share/wall-e-robot/local_setup.sh
[2.920s] -- Installing: /home/wall-e/Documents/project/wall-e-robot/install/wall-e-robot/share/wall-e-robot/local_setup.zsh
[2.920s] -- Installing: /home/wall-e/Documents/project/wall-e-robot/install/wall-e-robot/share/wall-e-robot/local_setup.dsv
[2.921s] -- Installing: /home/wall-e/Documents/project/wall-e-robot/install/wall-e-robot/share/wall-e-robot/package.dsv
[2.921s] -- Installing: /home/wall-e/Documents/project/wall-e-robot/install/wall-e-robot/share/ament_index/resource_index/packages/wall-e-robot
[2.922s] -- Installing: /home/wall-e/Documents/project/wall-e-robot/install/wall-e-robot/share/wall-e-robot/cmake/wall-e-robotConfig.cmake
[2.923s] -- Installing: /home/wall-e/Documents/project/wall-e-robot/install/wall-e-robot/share/wall-e-robot/cmake/wall-e-robotConfig-version.cmake
[2.924s] -- Installing: /home/wall-e/Documents/project/wall-e-robot/install/wall-e-robot/share/wall-e-robot/package.xml
[2.926s] Invoked command in '/home/wall-e/Documents/project/wall-e-robot/build/wall-e-robot' returned '0': CMAKE_PREFIX_PATH=${CMAKE_PREFIX_PATH}:/opt/ros/humble /usr/bin/cmake --install /home/wall-e/Documents/project/wall-e-robot/build/wall-e-robot
