[INFO] [launch]: All log files can be found below /home/wall-e/.ros/log/2026-06-03-20-46-08-303200-walle-desktop-19841
[INFO] [launch]: Default logging verbosity is set to INFO
[INFO] [async_slam_toolbox_node-1]: process started with pid [19871]
[async_slam_toolbox_node-1] [INFO] [1780494369.309245938] [async_slam_toolbox_node]: Using solver plugin solver_plugins::CeresSolver
[async_slam_toolbox_node-1] Registering sensor: [Custom Described Lidar]
[async_slam_toolbox_node-1] LaserRangeScan contains 1138 range readings, expected 1087
[async_slam_toolbox_node-1] LaserRangeScan contains 1135 range readings, expected 1087
[async_slam_toolbox_node-1] LaserRangeScan contains 1124 range readings, expected 1087
[async_slam_toolbox_node-1] LaserRangeScan contains 1118 range readings, expected 1087
[async_slam_toolbox_node-1] LaserRangeScan contains 1122 range readings, expected 1087
[async_slam_toolbox_node-1] LaserRangeScan contains 1124 range readings, expected 1087
[async_slam_toolbox_node-1] LaserRangeScan contains 1123 range readings, expected 1087
[async_slam_toolbox_node-1] LaserRangeScan contains 1121 range readings, expected 1087
[async_slam_toolbox_node-1] LaserRangeScan contains 1128 range readings, expected 1087
[async_slam_toolbox_node-1] LaserRangeScan contains 1116 range readings, expected 1087
[async_slam_toolbox_node-1] LaserRangeScan contains 1112 range readings, expected 1087
[async_slam_toolbox_node-1] LaserRangeScan contains 1115 range readings, expected 1087
[async_slam_toolbox_node-1] LaserRangeScan contains 1117 range readings, expected 1087
[async_slam_toolbox_node-1] LaserRangeScan contains 1118 range readings, expected 1087
[async_slam_toolbox_node-1] LaserRangeScan contains 1121 range readings, expected 1087
[async_slam_toolbox_node-1] LaserRangeScan contains 1119 range readings, expected 1087
[async_slam_toolbox_node-1] LaserRangeScan contains 1118 range readings, expected 1087
[async_slam_toolbox_node-1] LaserRangeScan contains 1116 range readings, expected 1087
[async_slam_toolbox_node-1] LaserRangeScan contains 1113 range readings, expected 1087
[async_slam_toolbox_node-1] LaserRangeScan contains 1114 range readings, expected 1087
[async_slam_toolbox_node-1] LaserRangeScan contains 1113 range readings, expected 1087
[async_slam_toolbox_node-1] LaserRangeScan contains 1115 range readings, expected 1087
[async_slam_toolbox_node-1] LaserRangeScan contains 1111 range readings, expected 1087
[async_slam_toolbox_node-1] LaserRangeScan contains 1108 range readings, expected 1087
[async_slam_toolbox_node-1] LaserRangeScan contains 1105 range readings, expected 1087
[async_slam_toolbox_node-1] LaserRangeScan contains 1116 range readings, expected 1087
[async_slam_toolbox_node-1] LaserRangeScan contains 1123 range readings, expected 1087
[async_slam_toolbox_node-1] LaserRangeScan contains 1126 range readings, expected 1087
[async_slam_toolbox_node-1] LaserRangeScan contains 1126 range readings, expected 1087
[async_slam_toolbox_node-1] LaserRangeScan contains 1128 range readings, expected 1087
[async_slam_toolbox_node-1] LaserRangeScan contains 1124 range readings, expected 1087
[async_slam_toolbox_node-1] LaserRangeScan contains 1131 range readings, expected 1087
[async_slam_toolbox_node-1] LaserRangeScan contains 1116 range readings, expected 1087
[async_slam_toolbox_node-1] LaserRangeScan contains 1096 range readings, expected 1087
[async_slam_toolbox_node-1] LaserRangeScan contains 1091 range readings, expected 1087
[async_slam_toolbox_node-1] LaserRangeScan contains 1093 range readings, expected 1087
[async_slam_toolbox_node-1] LaserRangeScan contains 1092 range readings, expected 1087
[async_slam_toolbox_node-1] LaserRangeScan contains 1089 range readings, expected 1087
[async_slam_toolbox_node-1] LaserRangeScan contains 1094 range readings, expected 1087
[async_slam_toolbox_node-1] LaserRangeScan contains 1096 range readings, expected 1087
[async_slam_toolbox_node-1] LaserRangeScan contains 1095 range readings, expected 1087
[async_slam_toolbox_node-1] LaserRangeScan contains 1094 range readings, expected 1087
[async_slam_toolbox_node-1] LaserRangeScan contains 1093 range readings, expected 1087
[async_slam_toolbox_node-1] LaserRangeScan contains 1094 range readings, expected 1087
[async_slam_toolbox_node-1] LaserRangeScan contains 1103 range readings, expected 1087
[async_slam_toolbox_node-1] LaserRangeScan contains 1129 range readings, expected 1087
[async_slam_toolbox_node-1] LaserRangeScan contains 1132 range readings, expected 1087
[async_slam_toolbox_node-1] LaserRangeScan contains 1134 range readings, expected 1087
[async_slam_toolbox_node-1] LaserRangeScan contains 1132 range readings, expected 1087
[async_slam_toolbox_node-1] LaserRangeScan contains 1125 range readings, expected 1087
[async_slam_toolbox_node-1] LaserRangeScan contains 1124 range readings, expected 1087
[async_slam_toolbox_node-1] LaserRangeScan contains 1127 range readings, expected 1087
[async_slam_toolbox_node-1] LaserRangeScan contains 1126 range readings, expected 1087
[async_slam_toolbox_node-1] LaserRangeScan contains 1124 range readings, expected 1087
[async_slam_toolbox_node-1] LaserRangeScan contains 1131 range readings, expected 1087
[async_slam_toolbox_node-1] LaserRangeScan contains 1135 range readings, expected 1087
[async_slam_toolbox_node-1] LaserRangeScan contains 1131 range readings, expected 1087
[async_slam_toolbox_node-1] LaserRangeScan contains 1129 range readings, expected 1087
[async_slam_toolbox_node-1] LaserRangeScan contains 1131 range readings, expected 1087
[async_slam_toolbox_node-1] LaserRangeScan contains 1133 range readings, expected 1087
[async_slam_toolbox_node-1] LaserRangeScan contains 1132 range readings, expected 1087
[async_slam_toolbox_node-1] LaserRangeScan contains 1131 range readings, expected 1087
[async_slam_toolbox_node-1] LaserRangeScan contains 1125 range readings, expected 1087
[async_slam_toolbox_node-1] LaserRangeScan contains 1122 range readings, expected 1087
[async_slam_toolbox_node-1] LaserRangeScan contains 1126 range readings, expected 1087
[async_slam_toolbox_node-1] LaserRangeScan contains 1130 range readings, expected 1087
[async_slam_toolbox_node-1] LaserRangeScan contains 1131 range readings, expected 1087
[async_slam_toolbox_node-1] LaserRangeScan contains 1125 range readings, expected 1087
[async_slam_toolbox_node-1] LaserRangeScan contains 1111 range readings, expected 1087
[async_slam_toolbox_node-1] LaserRangeScan contains 1131 range readings, expected 1087
[async_slam_toolbox_node-1] LaserRangeScan contains 1134 range readings, expected 1087
[async_slam_toolbox_node-1] LaserRangeScan contains 1132 range readings, expected 1087
[async_slam_toolbox_node-1] LaserRangeScan contains 1129 range readings, expected 1087
[async_slam_toolbox_node-1] LaserRangeScan contains 1120 range readings, expected 1087
[async_slam_toolbox_node-1] LaserRangeScan contains 1117 range readings, expected 1087
[async_slam_toolbox_node-1] LaserRangeScan contains 1117 range readings, expected 1087
[async_slam_toolbox_node-1] LaserRangeScan contains 1115 range readings, expected 1087
[async_slam_toolbox_node-1] LaserRangeScan contains 1120 range readings, expected 1087
[async_slam_toolbox_node-1] LaserRangeScan contains 1126 range readings, expected 1087
[async_slam_toolbox_node-1] LaserRangeScan contains 1126 range readings, expected 1087
[async_slam_toolbox_node-1] LaserRangeScan contains 1116 range readings, expected 1087
[async_slam_toolbox_node-1] LaserRangeScan contains 1094 range readings, expected 1087
[async_slam_toolbox_node-1] LaserRangeScan contains 1130 range readings, expected 1087
[async_slam_toolbox_node-1] LaserRangeScan contains 1131 range readings, expected 1087
[async_slam_toolbox_node-1] LaserRangeScan contains 1132 range readings, expected 1087
[async_slam_toolbox_node-1] LaserRangeScan contains 1131 range readings, expected 1087
[async_slam_toolbox_node-1] LaserRangeScan contains 1130 range readings, expected 1087
[async_slam_toolbox_node-1] LaserRangeScan contains 1128 range readings, expected 1087
[async_slam_toolbox_node-1] LaserRangeScan contains 1122 range readings, expected 1087
[async_slam_toolbox_node-1] LaserRangeScan contains 1103 range readings, expected 1087
[async_slam_toolbox_node-1] LaserRangeScan contains 1112 range readings, expected 1087
[async_slam_toolbox_node-1] LaserRangeScan contains 1125 range readings, expected 1087
[async_slam_toolbox_node-1] LaserRangeScan contains 1125 range readings, expected 1087
[async_slam_toolbox_node-1] LaserRangeScan contains 1121 range readings, expected 1087
[async_slam_toolbox_node-1] LaserRangeScan contains 1123 range readings, expected 1087
[async_slam_toolbox_node-1] LaserRangeScan contains 1124 range readings, expected 1087
[async_slam_toolbox_node-1] LaserRangeScan contains 1124 range readings, expected 1087
[async_slam_toolbox_node-1] LaserRangeScan contains 1123 range readings, expected 1087
[async_slam_toolbox_node-1] LaserRangeScan contains 1120 range readings, expected 1087
[async_slam_toolbox_node-1] LaserRangeScan contains 1124 range readings, expected 1087
[async_slam_toolbox_node-1] LaserRangeScan contains 1121 range readings, expected 1087
[async_slam_toolbox_node-1] LaserRangeScan contains 1118 range readings, expected 1087
[async_slam_toolbox_node-1] LaserRangeScan contains 1114 range readings, expected 1087
[async_slam_toolbox_node-1] LaserRangeScan contains 1117 range readings, expected 1087
[async_slam_toolbox_node-1] LaserRangeScan contains 1117 range readings, expected 1087
[async_slam_toolbox_node-1] LaserRangeScan contains 1115 range readings, expected 1087
[async_slam_toolbox_node-1] LaserRangeScan contains 1114 range readings, expected 1087
[async_slam_toolbox_node-1] LaserRangeScan contains 1111 range readings, expected 1087
[async_slam_toolbox_node-1] LaserRangeScan contains 1112 range readings, expected 1087
[async_slam_toolbox_node-1] LaserRangeScan contains 1112 range readings, expected 1087
[async_slam_toolbox_node-1] LaserRangeScan contains 1109 range readings, expected 1087
[async_slam_toolbox_node-1] LaserRangeScan contains 1107 range readings, expected 1087
[async_slam_toolbox_node-1] LaserRangeScan contains 1101 range readings, expected 1087
[async_slam_toolbox_node-1] LaserRangeScan contains 1099 range readings, expected 1087
[async_slam_toolbox_node-1] LaserRangeScan contains 1098 range readings, expected 1087
[async_slam_toolbox_node-1] LaserRangeScan contains 1104 range readings, expected 1087
[async_slam_toolbox_node-1] LaserRangeScan contains 1120 range readings, expected 1087
[async_slam_toolbox_node-1] LaserRangeScan contains 1122 range readings, expected 1087
[async_slam_toolbox_node-1] LaserRangeScan contains 1122 range readings, expected 1087
[async_slam_toolbox_node-1] LaserRangeScan contains 1103 range readings, expected 1087
[async_slam_toolbox_node-1] LaserRangeScan contains 1130 range readings, expected 1087
[async_slam_toolbox_node-1] LaserRangeScan contains 1130 range readings, expected 1087
[async_slam_toolbox_node-1] LaserRangeScan contains 1123 range readings, expected 1087
[async_slam_toolbox_node-1] LaserRangeScan contains 1107 range readings, expected 1087
[async_slam_toolbox_node-1] LaserRangeScan contains 1100 range readings, expected 1087
[async_slam_toolbox_node-1] LaserRangeScan contains 1095 range readings, expected 1087
[async_slam_toolbox_node-1] LaserRangeScan contains 1094 range readings, expected 1087
[async_slam_toolbox_node-1] LaserRangeScan contains 1093 range readings, expected 1087
[async_slam_toolbox_node-1] LaserRangeScan contains 1092 range readings, expected 1087
[async_slam_toolbox_node-1] LaserRangeScan contains 1094 range readings, expected 1087
[async_slam_toolbox_node-1] LaserRangeScan contains 1094 range readings, expected 1087
[async_slam_toolbox_node-1] LaserRangeScan contains 1093 range readings, expected 1087
[async_slam_toolbox_node-1] LaserRangeScan contains 1100 range readings, expected 1087
[async_slam_toolbox_node-1] LaserRangeScan contains 1111 range readings, expected 1087
[async_slam_toolbox_node-1] LaserRangeScan contains 1140 range readings, expected 1087
[async_slam_toolbox_node-1] LaserRangeScan contains 1146 range readings, expected 1087
[async_slam_toolbox_node-1] LaserRangeScan contains 1141 range readings, expected 1087
[async_slam_toolbox_node-1] LaserRangeScan contains 1138 range readings, expected 1087
[async_slam_toolbox_node-1] LaserRangeScan contains 1137 range readings, expected 1087
[async_slam_toolbox_node-1] LaserRangeScan contains 1131 range readings, expected 1087
[async_slam_toolbox_node-1] LaserRangeScan contains 1115 range readings, expected 1087
[async_slam_toolbox_node-1] LaserRangeScan contains 1106 range readings, expected 1087
[async_slam_toolbox_node-1] LaserRangeScan contains 1100 range readings, expected 1087
[async_slam_toolbox_node-1] LaserRangeScan contains 1093 range readings, expected 1087
[async_slam_toolbox_node-1] LaserRangeScan contains 1093 range readings, expected 1087
[async_slam_toolbox_node-1] LaserRangeScan contains 1102 range readings, expected 1087
[async_slam_toolbox_node-1] LaserRangeScan contains 1118 range readings, expected 1087
[async_slam_toolbox_node-1] LaserRangeScan contains 1125 range readings, expected 1087
[async_slam_toolbox_node-1] LaserRangeScan contains 1128 range readings, expected 1087
[async_slam_toolbox_node-1] LaserRangeScan contains 1117 range readings, expected 1087
[async_slam_toolbox_node-1] LaserRangeScan contains 1111 range readings, expected 1087
[async_slam_toolbox_node-1] LaserRangeScan contains 1120 range readings, expected 1087
[async_slam_toolbox_node-1] LaserRangeScan contains 1126 range readings, expected 1087
[async_slam_toolbox_node-1] LaserRangeScan contains 1129 range readings, expected 1087
[async_slam_toolbox_node-1] LaserRangeScan contains 1125 range readings, expected 1087
[async_slam_toolbox_node-1] LaserRangeScan contains 1132 range readings, expected 1087
[async_slam_toolbox_node-1] LaserRangeScan contains 1134 range readings, expected 1087
[async_slam_toolbox_node-1] LaserRangeScan contains 1132 range readings, expected 1087
[async_slam_toolbox_node-1] LaserRangeScan contains 1123 range readings, expected 1087
[async_slam_toolbox_node-1] LaserRangeScan contains 1119 range readings, expected 1087
[async_slam_toolbox_node-1] LaserRangeScan contains 1117 range readings, expected 1087
[async_slam_toolbox_node-1] LaserRangeScan contains 1117 range readings, expected 1087
[async_slam_toolbox_node-1] LaserRangeScan contains 1118 range readings, expected 1087
[async_slam_toolbox_node-1] LaserRangeScan contains 1117 range readings, expected 1087
[async_slam_toolbox_node-1] LaserRangeScan contains 1119 range readings, expected 1087
[async_slam_toolbox_node-1] LaserRangeScan contains 1119 range readings, expected 1087
[async_slam_toolbox_node-1] LaserRangeScan contains 1119 range readings, expected 1087
[async_slam_toolbox_node-1] LaserRangeScan contains 1119 range readings, expected 1087
[async_slam_toolbox_node-1] LaserRangeScan contains 1116 range readings, expected 1087
[async_slam_toolbox_node-1] LaserRangeScan contains 1116 range readings, expected 1087
[async_slam_toolbox_node-1] LaserRangeScan contains 1112 range readings, expected 1087
[async_slam_toolbox_node-1] LaserRangeScan contains 1108 range readings, expected 1087
[async_slam_toolbox_node-1] LaserRangeScan contains 1104 range readings, expected 1087
[async_slam_toolbox_node-1] LaserRangeScan contains 1107 range readings, expected 1087
[async_slam_toolbox_node-1] LaserRangeScan contains 1118 range readings, expected 1087
[async_slam_toolbox_node-1] LaserRangeScan contains 1123 range readings, expected 1087
[async_slam_toolbox_node-1] LaserRangeScan contains 1124 range readings, expected 1087
[async_slam_toolbox_node-1] LaserRangeScan contains 1121 range readings, expected 1087
[async_slam_toolbox_node-1] LaserRangeScan contains 1111 range readings, expected 1087
[async_slam_toolbox_node-1] LaserRangeScan contains 1104 range readings, expected 1087
[async_slam_toolbox_node-1] LaserRangeScan contains 1101 range readings, expected 1087
[async_slam_toolbox_node-1] LaserRangeScan contains 1099 range readings, expected 1087
[async_slam_toolbox_node-1] LaserRangeScan contains 1099 range readings, expected 1087
[async_slam_toolbox_node-1] LaserRangeScan contains 1099 range readings, expected 1087
[async_slam_toolbox_node-1] LaserRangeScan contains 1094 range readings, expected 1087
[async_slam_toolbox_node-1] LaserRangeScan contains 1094 range readings, expected 1087
[async_slam_toolbox_node-1] LaserRangeScan contains 1097 range readings, expected 1087
[async_slam_toolbox_node-1] LaserRangeScan contains 1099 range readings, expected 1087
[async_slam_toolbox_node-1] LaserRangeScan contains 1105 range readings, expected 1087
[async_slam_toolbox_node-1] LaserRangeScan contains 1103 range readings, expected 1087
[async_slam_toolbox_node-1] LaserRangeScan contains 1101 range readings, expected 1087
[async_slam_toolbox_node-1] LaserRangeScan contains 1100 range readings, expected 1087
[async_slam_toolbox_node-1] LaserRangeScan contains 1097 range readings, expected 1087
[async_slam_toolbox_node-1] LaserRangeScan contains 1107 range readings, expected 1087
[async_slam_toolbox_node-1] LaserRangeScan contains 1112 range readings, expected 1087
[async_slam_toolbox_node-1] LaserRangeScan contains 1097 range readings, expected 1087
[async_slam_toolbox_node-1] LaserRangeScan contains 1130 range readings, expected 1087
[async_slam_toolbox_node-1] LaserRangeScan contains 1133 range readings, expected 1087
[async_slam_toolbox_node-1] LaserRangeScan contains 1134 range readings, expected 1087
[async_slam_toolbox_node-1] LaserRangeScan contains 1133 range readings, expected 1087
[async_slam_toolbox_node-1] LaserRangeScan contains 1134 range readings, expected 1087
[async_slam_toolbox_node-1] LaserRangeScan contains 1131 range readings, expected 1087
[async_slam_toolbox_node-1] LaserRangeScan contains 1120 range readings, expected 1087
[async_slam_toolbox_node-1] LaserRangeScan contains 1110 range readings, expected 1087
[async_slam_toolbox_node-1] LaserRangeScan contains 1102 range readings, expected 1087
[async_slam_toolbox_node-1] LaserRangeScan contains 1097 range readings, expected 1087
[async_slam_toolbox_node-1] LaserRangeScan contains 1095 range readings, expected 1087
[async_slam_toolbox_node-1] LaserRangeScan contains 1095 range readings, expected 1087
[async_slam_toolbox_node-1] LaserRangeScan contains 1098 range readings, expected 1087
[async_slam_toolbox_node-1] LaserRangeScan contains 1105 range readings, expected 1087
[async_slam_toolbox_node-1] LaserRangeScan contains 1099 range readings, expected 1087
[async_slam_toolbox_node-1] LaserRangeScan contains 1097 range readings, expected 1087
[async_slam_toolbox_node-1] LaserRangeScan contains 1093 range readings, expected 1087
[async_slam_toolbox_node-1] LaserRangeScan contains 1091 range readings, expected 1087
[async_slam_toolbox_node-1] LaserRangeScan contains 1091 range readings, expected 1087
[async_slam_toolbox_node-1] LaserRangeScan contains 1092 range readings, expected 1087
[async_slam_toolbox_node-1] LaserRangeScan contains 1096 range readings, expected 1087
[async_slam_toolbox_node-1] LaserRangeScan contains 1097 range readings, expected 1087
[async_slam_toolbox_node-1] LaserRangeScan contains 1095 range readings, expected 1087
[async_slam_toolbox_node-1] LaserRangeScan contains 1092 range readings, expected 1087
[async_slam_toolbox_node-1] LaserRangeScan contains 1091 range readings, expected 1087
[async_slam_toolbox_node-1] LaserRangeScan contains 1090 range readings, expected 1087
[async_slam_toolbox_node-1] LaserRangeScan contains 1091 range readings, expected 1087
[async_slam_toolbox_node-1] LaserRangeScan contains 1103 range readings, expected 1087
[async_slam_toolbox_node-1] LaserRangeScan contains 1103 range readings, expected 1087
[async_slam_toolbox_node-1] LaserRangeScan contains 1115 range readings, expected 1087
[async_slam_toolbox_node-1] LaserRangeScan contains 1123 range readings, expected 1087
[async_slam_toolbox_node-1] LaserRangeScan contains 1123 range readings, expected 1087
[async_slam_toolbox_node-1] LaserRangeScan contains 1114 range readings, expected 1087
[async_slam_toolbox_node-1] LaserRangeScan contains 1093 range readings, expected 1087
[async_slam_toolbox_node-1] LaserRangeScan contains 1129 range readings, expected 1087
[async_slam_toolbox_node-1] LaserRangeScan contains 1132 range readings, expected 1087
[async_slam_toolbox_node-1] LaserRangeScan contains 1132 range readings, expected 1087
[async_slam_toolbox_node-1] LaserRangeScan contains 1126 range readings, expected 1087
[async_slam_toolbox_node-1] LaserRangeScan contains 1118 range readings, expected 1087
[async_slam_toolbox_node-1] LaserRangeScan contains 1114 range readings, expected 1087
[async_slam_toolbox_node-1] LaserRangeScan contains 1112 range readings, expected 1087
[async_slam_toolbox_node-1] LaserRangeScan contains 1109 range readings, expected 1087
[async_slam_toolbox_node-1] LaserRangeScan contains 1104 range readings, expected 1087
[async_slam_toolbox_node-1] LaserRangeScan contains 1096 range readings, expected 1087
[async_slam_toolbox_node-1] LaserRangeScan contains 1096 range readings, expected 1087
[async_slam_toolbox_node-1] LaserRangeScan contains 1096 range readings, expected 1087
[async_slam_toolbox_node-1] LaserRangeScan contains 1098 range readings, expected 1087
[async_slam_toolbox_node-1] LaserRangeScan contains 1101 range readings, expected 1087
[async_slam_toolbox_node-1] LaserRangeScan contains 1111 range readings, expected 1087
[async_slam_toolbox_node-1] LaserRangeScan contains 1124 range readings, expected 1087
[async_slam_toolbox_node-1] LaserRangeScan contains 1125 range readings, expected 1087
[async_slam_toolbox_node-1] LaserRangeScan contains 1124 range readings, expected 1087
[async_slam_toolbox_node-1] LaserRangeScan contains 1110 range readings, expected 1087
[async_slam_toolbox_node-1] LaserRangeScan contains 1090 range readings, expected 1087
[async_slam_toolbox_node-1] LaserRangeScan contains 1130 range readings, expected 1087
[async_slam_toolbox_node-1] LaserRangeScan contains 1130 range readings, expected 1087
[async_slam_toolbox_node-1] LaserRangeScan contains 1128 range readings, expected 1087
[async_slam_toolbox_node-1] LaserRangeScan contains 1121 range readings, expected 1087
[async_slam_toolbox_node-1] LaserRangeScan contains 1113 range readings, expected 1087
[async_slam_toolbox_node-1] LaserRangeScan contains 1102 range readings, expected 1087
[async_slam_toolbox_node-1] LaserRangeScan contains 1098 range readings, expected 1087
[async_slam_toolbox_node-1] LaserRangeScan contains 1093 range readings, expected 1087
[async_slam_toolbox_node-1] LaserRangeScan contains 1090 range readings, expected 1087
[async_slam_toolbox_node-1] LaserRangeScan contains 1089 range readings, expected 1087
[async_slam_toolbox_node-1] LaserRangeScan contains 1088 range readings, expected 1087
[async_slam_toolbox_node-1] LaserRangeScan contains 1085 range readings, expected 1087
[async_slam_toolbox_node-1] LaserRangeScan contains 1098 range readings, expected 1087
[async_slam_toolbox_node-1] LaserRangeScan contains 1097 range readings, expected 1087
[async_slam_toolbox_node-1] LaserRangeScan contains 1126 range readings, expected 1087
[async_slam_toolbox_node-1] LaserRangeScan contains 1126 range readings, expected 1087
[async_slam_toolbox_node-1] LaserRangeScan contains 1121 range readings, expected 1087
[async_slam_toolbox_node-1] LaserRangeScan contains 1116 range readings, expected 1087
[async_slam_toolbox_node-1] LaserRangeScan contains 1114 range readings, expected 1087
[async_slam_toolbox_node-1] LaserRangeScan contains 1110 range readings, expected 1087
[async_slam_toolbox_node-1] LaserRangeScan contains 1109 range readings, expected 1087
[async_slam_toolbox_node-1] LaserRangeScan contains 1107 range readings, expected 1087
[async_slam_toolbox_node-1] LaserRangeScan contains 1115 range readings, expected 1087
[async_slam_toolbox_node-1] LaserRangeScan contains 1125 range readings, expected 1087
[async_slam_toolbox_node-1] LaserRangeScan contains 1126 range readings, expected 1087
[async_slam_toolbox_node-1] LaserRangeScan contains 1119 range readings, expected 1087
[async_slam_toolbox_node-1] LaserRangeScan contains 1094 range readings, expected 1087
[async_slam_toolbox_node-1] LaserRangeScan contains 1122 range readings, expected 1087
[async_slam_toolbox_node-1] LaserRangeScan contains 1123 range readings, expected 1087
[async_slam_toolbox_node-1] LaserRangeScan contains 1126 range readings, expected 1087
[async_slam_toolbox_node-1] LaserRangeScan contains 1125 range readings, expected 1087
[async_slam_toolbox_node-1] LaserRangeScan contains 1127 range readings, expected 1087
[async_slam_toolbox_node-1] LaserRangeScan contains 1128 range readings, expected 1087
[async_slam_toolbox_node-1] LaserRangeScan contains 1130 range readings, expected 1087
[async_slam_toolbox_node-1] LaserRangeScan contains 1130 range readings, expected 1087
[async_slam_toolbox_node-1] LaserRangeScan contains 1128 range readings, expected 1087
[async_slam_toolbox_node-1] LaserRangeScan contains 1129 range readings, expected 1087
[async_slam_toolbox_node-1] LaserRangeScan contains 1128 range readings, expected 1087
[async_slam_toolbox_node-1] LaserRangeScan contains 1122 range readings, expected 1087
[async_slam_toolbox_node-1] LaserRangeScan contains 1120 range readings, expected 1087
[async_slam_toolbox_node-1] LaserRangeScan contains 1120 range readings, expected 1087
[async_slam_toolbox_node-1] LaserRangeScan contains 1119 range readings, expected 1087
[async_slam_toolbox_node-1] LaserRangeScan contains 1117 range readings, expected 1087
[async_slam_toolbox_node-1] LaserRangeScan contains 1121 range readings, expected 1087
[async_slam_toolbox_node-1] LaserRangeScan contains 1127 range readings, expected 1087
[async_slam_toolbox_node-1] LaserRangeScan contains 1129 range readings, expected 1087
[async_slam_toolbox_node-1] LaserRangeScan contains 1132 range readings, expected 1087
[async_slam_toolbox_node-1] LaserRangeScan contains 1131 range readings, expected 1087
[async_slam_toolbox_node-1] LaserRangeScan contains 1131 range readings, expected 1087
[async_slam_toolbox_node-1] LaserRangeScan contains 1131 range readings, expected 1087
[async_slam_toolbox_node-1] LaserRangeScan contains 1132 range readings, expected 1087
[async_slam_toolbox_node-1] LaserRangeScan contains 1131 range readings, expected 1087
[async_slam_toolbox_node-1] LaserRangeScan contains 1129 range readings, expected 1087
[async_slam_toolbox_node-1] LaserRangeScan contains 1117 range readings, expected 1087
[async_slam_toolbox_node-1] LaserRangeScan contains 1112 range readings, expected 1087
[async_slam_toolbox_node-1] LaserRangeScan contains 1110 range readings, expected 1087
[async_slam_toolbox_node-1] LaserRangeScan contains 1106 range readings, expected 1087
[async_slam_toolbox_node-1] LaserRangeScan contains 1100 range readings, expected 1087
[async_slam_toolbox_node-1] LaserRangeScan contains 1102 range readings, expected 1087
[async_slam_toolbox_node-1] LaserRangeScan contains 1129 range readings, expected 1087
[async_slam_toolbox_node-1] LaserRangeScan contains 1128 range readings, expected 1087
[async_slam_toolbox_node-1] LaserRangeScan contains 1129 range readings, expected 1087
[async_slam_toolbox_node-1] LaserRangeScan contains 1131 range readings, expected 1087
[async_slam_toolbox_node-1] LaserRangeScan contains 1131 range readings, expected 1087
[async_slam_toolbox_node-1] LaserRangeScan contains 1129 range readings, expected 1087
[async_slam_toolbox_node-1] LaserRangeScan contains 1120 range readings, expected 1087
[async_slam_toolbox_node-1] LaserRangeScan contains 1126 range readings, expected 1087
[async_slam_toolbox_node-1] LaserRangeScan contains 1128 range readings, expected 1087
[async_slam_toolbox_node-1] LaserRangeScan contains 1118 range readings, expected 1087
[async_slam_toolbox_node-1] LaserRangeScan contains 1121 range readings, expected 1087
[async_slam_toolbox_node-1] LaserRangeScan contains 1125 range readings, expected 1087
[async_slam_toolbox_node-1] LaserRangeScan contains 1126 range readings, expected 1087
[async_slam_toolbox_node-1] LaserRangeScan contains 1125 range readings, expected 1087
[async_slam_toolbox_node-1] LaserRangeScan contains 1118 range readings, expected 1087
[async_slam_toolbox_node-1] LaserRangeScan contains 1107 range readings, expected 1087
[async_slam_toolbox_node-1] LaserRangeScan contains 1115 range readings, expected 1087
[async_slam_toolbox_node-1] LaserRangeScan contains 1113 range readings, expected 1087
[async_slam_toolbox_node-1] LaserRangeScan contains 1106 range readings, expected 1087
[async_slam_toolbox_node-1] LaserRangeScan contains 1130 range readings, expected 1087
[async_slam_toolbox_node-1] LaserRangeScan contains 1119 range readings, expected 1087
[async_slam_toolbox_node-1] LaserRangeScan contains 1083 range readings, expected 1087
[async_slam_toolbox_node-1] LaserRangeScan contains 1092 range readings, expected 1087
[async_slam_toolbox_node-1] LaserRangeScan contains 1098 range readings, expected 1087
[async_slam_toolbox_node-1] LaserRangeScan contains 1126 range readings, expected 1087
[async_slam_toolbox_node-1] LaserRangeScan contains 1130 range readings, expected 1087
[async_slam_toolbox_node-1] LaserRangeScan contains 1129 range readings, expected 1087
[async_slam_toolbox_node-1] LaserRangeScan contains 1124 range readings, expected 1087
[async_slam_toolbox_node-1] LaserRangeScan contains 1122 range readings, expected 1087
[async_slam_toolbox_node-1] LaserRangeScan contains 1126 range readings, expected 1087
[async_slam_toolbox_node-1] LaserRangeScan contains 1123 range readings, expected 1087
[async_slam_toolbox_node-1] LaserRangeScan contains 1115 range readings, expected 1087
[async_slam_toolbox_node-1] LaserRangeScan contains 1094 range readings, expected 1087
