nohup: ignoring input
[INFO] [launch]: All log files can be found below /home/wall-e/.ros/log/2026-06-03-20-22-18-538759-walle-desktop-12161
[INFO] [launch]: Default logging verbosity is set to INFO
[INFO] [robot_state_publisher-1]: process started with pid [12219]
[robot_state_publisher-1] [INFO] [1780492940.096787047] [robot_state_publisher]: got segment base_footprint
[robot_state_publisher-1] [INFO] [1780492940.097205868] [robot_state_publisher]: got segment base_link
[robot_state_publisher-1] [INFO] [1780492940.097281699] [robot_state_publisher]: got segment chassis
[robot_state_publisher-1] [INFO] [1780492940.097335072] [robot_state_publisher]: got segment front_caster_wheel
[robot_state_publisher-1] [INFO] [1780492940.097386112] [robot_state_publisher]: got segment laser_frame
[robot_state_publisher-1] [INFO] [1780492940.097436569] [robot_state_publisher]: got segment left_wheel
[robot_state_publisher-1] [INFO] [1780492940.097587648] [robot_state_publisher]: got segment rear_caster_wheel
[robot_state_publisher-1] [INFO] [1780492940.097638688] [robot_state_publisher]: got segment right_wheel
[INFO] [ros2_control_node-2]: process started with pid [12238]
[INFO] [spawner-3]: process started with pid [12240]
[INFO] [spawner-4]: process started with pid [12242]
[ros2_control_node-2] [WARN] [1780492943.166060349] [controller_manager]: [Deprecated] Passing the robot description parameter directly to the control_manager node is deprecated. Use '~/robot_description' topic from 'robot_state_publisher' instead.
[ros2_control_node-2] [INFO] [1780492943.167547514] [resource_manager]: Loading hardware 'WallEBot' 
[ros2_control_node-2] [INFO] [1780492943.173205684] [resource_manager]: Initialize hardware 'WallEBot' 
[ros2_control_node-2] [INFO] [1780492943.174749722] [DiffDriveArduinoHardware]: PID values not supplied, using defaults.
[ros2_control_node-2] [INFO] [1780492943.174874552] [resource_manager]: Successful initialization of hardware 'WallEBot'
[ros2_control_node-2] [INFO] [1780492943.175743402] [resource_manager]: 'configure' hardware 'WallEBot' 
[ros2_control_node-2] [INFO] [1780492943.175805817] [DiffDriveArduinoHardware]: Configuring ...please wait...
[ros2_control_node-2] [INFO] [1780492943.177110112] [DiffDriveArduinoHardware]: Successfully configured!
[ros2_control_node-2] [INFO] [1780492943.177283649] [resource_manager]: Successful 'configure' of hardware 'WallEBot'
[ros2_control_node-2] [INFO] [1780492943.177341981] [resource_manager]: 'activate' hardware 'WallEBot' 
[ros2_control_node-2] [INFO] [1780492943.177375813] [DiffDriveArduinoHardware]: Activating ...please wait...
[spawner-3] [INFO] [1780492945.017050249] [spawner_joint_state_broadcaster]: waiting for service /controller_manager/list_controllers to become available...
[spawner-4] [INFO] [1780492945.089548350] [spawner_diff_drive_controller]: waiting for service /controller_manager/list_controllers to become available...
[ros2_control_node-2] The ReadByte() call has timed out.
[ros2_control_node-2] [INFO] [1780492945.179567535] [DiffDriveArduinoHardware]: Encoder reset sent to STM32
[ros2_control_node-2] [INFO] [1780492945.179742530] [DiffDriveArduinoHardware]: Successfully activated!
[ros2_control_node-2] [INFO] [1780492945.179884859] [resource_manager]: Successful 'activate' of hardware 'WallEBot'
[ros2_control_node-2] [INFO] [1780492945.271765117] [controller_manager]: update rate is 100 Hz
[ros2_control_node-2] [INFO] [1780492945.272238478] [controller_manager]: Spawning controller_manager RT thread with scheduler priority: 50
[ros2_control_node-2] [WARN] [1780492945.273710770] [controller_manager]: Could not enable FIFO RT scheduling policy: with error number <1>(Operation not permitted). See [https://control.ros.org/master/doc/ros2_control/controller_manager/doc/userdoc.html] for details on how to enable realtime scheduling.
[ros2_control_node-2] [INFO] [1780492945.298880303] [controller_manager]: Loading controller 'joint_state_broadcaster'
[ros2_control_node-2] [INFO] [1780492945.470152006] [controller_manager]: Loading controller 'diff_drive_controller'
[spawner-3] [INFO] [1780492945.472098243] [spawner_joint_state_broadcaster]: [94mLoaded [1mjoint_state_broadcaster[0m
[ros2_control_node-2] [INFO] [1780492945.671815678] [controller_manager]: Configuring controller 'joint_state_broadcaster'
[ros2_control_node-2] [INFO] [1780492945.672311497] [joint_state_broadcaster]: 'joints' or 'interfaces' parameter is empty. All available state interfaces will be published
[spawner-4] [INFO] [1780492945.676443712] [spawner_diff_drive_controller]: [94mLoaded [1mdiff_drive_controller[0m
[ros2_control_node-2] [INFO] [1780492945.698235550] [controller_manager]: Configuring controller 'diff_drive_controller'
[ros2_control_node-2] The ReadByte() call has timed out.
[ros2_control_node-2] The ReadByte() call has timed out.
[ros2_control_node-2] The ReadByte() call has timed out.
[spawner-4] [INFO] [1780492951.304330029] [spawner_diff_drive_controller]: [92mConfigured and activated [1mdiff_drive_controller[0m
[INFO] [spawner-4]: process has finished cleanly [pid 12242]
[ros2_control_node-2] The ReadByte() call has timed out.
[ros2_control_node-2] The ReadByte() call has timed out.
[spawner-3] [WARN] [1780492955.797919502] [spawner_joint_state_broadcaster]: Failed getting a result from calling /controller_manager/switch_controller in 10.0. (Attempt 1 of 3.)
[ros2_control_node-2] The ReadByte() call has timed out.
[ros2_control_node-2] The ReadByte() call has timed out.
[ros2_control_node-2] [WARN] [1780492959.352923995] [controller_manager]: Controller with name 'joint_state_broadcaster' is not inactive so its following controllers do not have to be checked, because it cannot be activated.
[ros2_control_node-2] [WARN] [1780492959.353273986] [controller_manager]: Could not activate controller with name 'joint_state_broadcaster'. Check above warnings for more details. Check the state of the controllers and their required interfaces using `ros2 control list_controllers -v` CLI to get more information.
[ros2_control_node-2] [ERROR] [1780492959.353461815] [controller_manager]: Aborting, no controller is switched! (::STRICT switch)
[spawner-3] [ERROR] [1780492959.374154163] [spawner_joint_state_broadcaster]: [91mFailed to activate controller : joint_state_broadcaster[0m
[ERROR] [spawner-3]: process has died [pid 12240, exit code 1, cmd '/opt/ros/humble/lib/controller_manager/spawner joint_state_broadcaster --ros-args'].
[ros2_control_node-2] The ReadByte() call has timed out.
[ros2_control_node-2] The ReadByte() call has timed out.
[ros2_control_node-2] The ReadByte() call has timed out.
[ros2_control_node-2] The ReadByte() call has timed out.
[ros2_control_node-2] The ReadByte() call has timed out.
[ros2_control_node-2] The ReadByte() call has timed out.
[ros2_control_node-2] The ReadByte() call has timed out.
[ros2_control_node-2] The ReadByte() call has timed out.
[ros2_control_node-2] The ReadByte() call has timed out.
[ros2_control_node-2] The ReadByte() call has timed out.
[ros2_control_node-2] The ReadByte() call has timed out.
[ros2_control_node-2] The ReadByte() call has timed out.
[ros2_control_node-2] The ReadByte() call has timed out.
[ros2_control_node-2] The ReadByte() call has timed out.
[ros2_control_node-2] The ReadByte() call has timed out.
[ros2_control_node-2] The ReadByte() call has timed out.
[ros2_control_node-2] The ReadByte() call has timed out.
[ros2_control_node-2] The ReadByte() call has timed out.
[ros2_control_node-2] The ReadByte() call has timed out.
[ros2_control_node-2] The ReadByte() call has timed out.
[ros2_control_node-2] The ReadByte() call has timed out.
[ros2_control_node-2] The ReadByte() call has timed out.
[ros2_control_node-2] The ReadByte() call has timed out.
[ros2_control_node-2] The ReadByte() call has timed out.
[ros2_control_node-2] The ReadByte() call has timed out.
[ros2_control_node-2] The ReadByte() call has timed out.
[ros2_control_node-2] The ReadByte() call has timed out.
[ros2_control_node-2] The ReadByte() call has timed out.
[ros2_control_node-2] The ReadByte() call has timed out.
[ros2_control_node-2] The ReadByte() call has timed out.
[ros2_control_node-2] The ReadByte() call has timed out.
[ros2_control_node-2] The ReadByte() call has timed out.
[ros2_control_node-2] The ReadByte() call has timed out.
[ros2_control_node-2] The ReadByte() call has timed out.
[ros2_control_node-2] The ReadByte() call has timed out.
[ros2_control_node-2] The ReadByte() call has timed out.
[ros2_control_node-2] The ReadByte() call has timed out.
[ros2_control_node-2] The ReadByte() call has timed out.
[ros2_control_node-2] The ReadByte() call has timed out.
[ros2_control_node-2] The ReadByte() call has timed out.
[ros2_control_node-2] The ReadByte() call has timed out.
[ros2_control_node-2] The ReadByte() call has timed out.
[ros2_control_node-2] The ReadByte() call has timed out.
[ros2_control_node-2] The ReadByte() call has timed out.
[ros2_control_node-2] The ReadByte() call has timed out.
[ros2_control_node-2] The ReadByte() call has timed out.
[ros2_control_node-2] The ReadByte() call has timed out.
[ros2_control_node-2] The ReadByte() call has timed out.
[ros2_control_node-2] The ReadByte() call has timed out.
[ros2_control_node-2] The ReadByte() call has timed out.
[ros2_control_node-2] [INFO] [1780493060.144172258] [controller_manager]: Configuring controller 'joint_state_broadcaster'
[ros2_control_node-2] [ERROR] [1780493060.144659919] [controller_manager]: Controller 'joint_state_broadcaster' can not be configured from 'active' state.
[ros2_control_node-2] [INFO] [1780493060.375890376] [controller_manager]: Configuring controller 'diff_drive_controller'
[ros2_control_node-2] [ERROR] [1780493060.376509577] [controller_manager]: Controller 'diff_drive_controller' can not be configured from 'active' state.
[ros2_control_node-2] The ReadByte() call has timed out.
[ros2_control_node-2] The ReadByte() call has timed out.
[ros2_control_node-2] The ReadByte() call has timed out.
[ros2_control_node-2] The ReadByte() call has timed out.
[ros2_control_node-2] The ReadByte() call has timed out.
[ros2_control_node-2] The ReadByte() call has timed out.
[ros2_control_node-2] The ReadByte() call has timed out.
[ros2_control_node-2] The ReadByte() call has timed out.
[ros2_control_node-2] The ReadByte() call has timed out.
[ros2_control_node-2] The ReadByte() call has timed out.
[ros2_control_node-2] The ReadByte() call has timed out.
[ros2_control_node-2] The ReadByte() call has timed out.
[ros2_control_node-2] The ReadByte() call has timed out.
[ros2_control_node-2] The ReadByte() call has timed out.
[ros2_control_node-2] The ReadByte() call has timed out.
[ros2_control_node-2] The ReadByte() call has timed out.
[ros2_control_node-2] The ReadByte() call has timed out.
[ros2_control_node-2] The ReadByte() call has timed out.
[ros2_control_node-2] The ReadByte() call has timed out.
[ros2_control_node-2] The ReadByte() call has timed out.
[ros2_control_node-2] The ReadByte() call has timed out.
[ros2_control_node-2] The ReadByte() call has timed out.
[ros2_control_node-2] The ReadByte() call has timed out.
[ros2_control_node-2] The ReadByte() call has timed out.
[ros2_control_node-2] The ReadByte() call has timed out.
[ros2_control_node-2] The ReadByte() call has timed out.
[ros2_control_node-2] The ReadByte() call has timed out.
[ros2_control_node-2] The ReadByte() call has timed out.
[ros2_control_node-2] The ReadByte() call has timed out.
[WARNING] [launch]: user interrupted with ctrl-c (SIGINT)
[INFO] [ros2_control_node-2]: sending signal 'SIGINT' to process[ros2_control_node-2]
[INFO] [robot_state_publisher-1]: sending signal 'SIGINT' to process[robot_state_publisher-1]
[ros2_control_node-2] [INFO] [1780493118.947664448] [rclcpp]: signal_handler(SIGINT/SIGTERM)
[ros2_control_node-2] [INFO] [1780493118.948231754] [controller_manager]: Shutdown request received....
[ros2_control_node-2] [INFO] [1780493118.948947814] [controller_manager]: Shutting down all controllers in the controller manager.
[ros2_control_node-2] [INFO] [1780493118.949322323] [controller_manager]: Deactivating controller 'joint_state_broadcaster'
[ros2_control_node-2] [INFO] [1780493118.949807086] [controller_manager]: Shutting down controller 'joint_state_broadcaster'
[ros2_control_node-2] [INFO] [1780493118.950316932] [controller_manager]: Deactivating controller 'diff_drive_controller'
[ros2_control_node-2] [INFO] [1780493118.950798486] [controller_manager]: Shutting down controller 'diff_drive_controller'
[robot_state_publisher-1] [INFO] [1780493118.988581064] [rclcpp]: signal_handler(SIGINT/SIGTERM)
[INFO] [robot_state_publisher-1]: process has finished cleanly [pid 12219]
[ros2_control_node-2] The ReadByte() call has timed out.
[ros2_control_node-2] [INFO] [1780493119.575919461] [resource_manager]: 'deactivate' hardware 'WallEBot' 
[ros2_control_node-2] [INFO] [1780493119.576218719] [DiffDriveArduinoHardware]: Deactivating ...please wait...
[ros2_control_node-2] [INFO] [1780493119.576348514] [DiffDriveArduinoHardware]: Successfully deactivated!
[ros2_control_node-2] [INFO] [1780493119.576481225] [resource_manager]: Successful 'deactivate' of hardware 'WallEBot'
[ros2_control_node-2] [INFO] [1780493119.576570186] [resource_manager]: 'shutdown' hardware 'WallEBot' 
[ros2_control_node-2] [INFO] [1780493119.576671980] [resource_manager]: Successful 'shutdown' of hardware 'WallEBot'
[ros2_control_node-2] [INFO] [1780493119.576774358] [controller_manager]: Shutting down the controller manager.
[INFO] [ros2_control_node-2]: process has finished cleanly [pid 12238]
