[0.152s] DEBUG:colcon:Command line arguments: ['/usr/bin/colcon', 'build']
[0.152s] DEBUG:colcon:Parsed command line arguments: Namespace(log_base=None, log_level=None, verb_name='build', build_base='build', install_base='install', merge_install=False, symlink_install=False, test_result_base=None, continue_on_error=False, executor='parallel', parallel_workers=8, event_handlers=None, ignore_user_meta=False, metas=['./colcon.meta'], base_paths=['.'], packages_ignore=None, packages_ignore_regex=None, paths=None, packages_up_to=None, packages_up_to_regex=None, packages_above=None, packages_above_and_dependencies=None, packages_above_depth=None, packages_select_by_dep=None, packages_skip_by_dep=None, packages_skip_up_to=None, packages_select_build_failed=False, packages_skip_build_finished=False, packages_select_test_failures=False, packages_skip_test_passed=False, packages_select=None, packages_skip=None, packages_select_regex=None, packages_skip_regex=None, packages_start=None, packages_end=None, allow_overriding=[], cmake_args=None, cmake_target=None, cmake_target_skip_unavailable=False, cmake_clean_cache=False, cmake_clean_first=False, cmake_force_configure=False, ament_cmake_args=None, catkin_cmake_args=None, catkin_skip_building_tests=False, verb_parser=<colcon_defaults.argument_parser.defaults.DefaultArgumentsDecorator object at 0xffff9ed266b0>, verb_extension=<colcon_core.verb.build.BuildVerb object at 0xffff9eec3b20>, main=<bound method BuildVerb.main of <colcon_core.verb.build.BuildVerb object at 0xffff9eec3b20>>)
[0.358s] Level 1:colcon.colcon_core.package_discovery:discover_packages(colcon_meta) check parameters
[0.358s] Level 1:colcon.colcon_core.package_discovery:discover_packages(recursive) check parameters
[0.358s] Level 1:colcon.colcon_core.package_discovery:discover_packages(ignore) check parameters
[0.358s] Level 1:colcon.colcon_core.package_discovery:discover_packages(path) check parameters
[0.358s] Level 1:colcon.colcon_core.package_discovery:discover_packages(colcon_meta) discover
[0.359s] Level 1:colcon.colcon_core.package_discovery:discover_packages(recursive) discover
[0.359s] INFO:colcon.colcon_core.package_discovery:Crawling recursively for packages in '/home/wall-e/Documents/project/wall-e-robot'
[0.359s] Level 1:colcon.colcon_core.package_identification:_identify(.) by extensions ['ignore', 'ignore_ament_install']
[0.359s] Level 1:colcon.colcon_core.package_identification:_identify(.) by extension 'ignore'
[0.359s] Level 1:colcon.colcon_core.package_identification:_identify(.) by extension 'ignore_ament_install'
[0.359s] Level 1:colcon.colcon_core.package_identification:_identify(.) by extensions ['colcon_pkg']
[0.359s] Level 1:colcon.colcon_core.package_identification:_identify(.) by extension 'colcon_pkg'
[0.359s] Level 1:colcon.colcon_core.package_identification:_identify(.) by extensions ['colcon_meta']
[0.359s] Level 1:colcon.colcon_core.package_identification:_identify(.) by extension 'colcon_meta'
[0.359s] Level 1:colcon.colcon_core.package_identification:_identify(.) by extensions ['ros']
[0.359s] Level 1:colcon.colcon_core.package_identification:_identify(.) by extension 'ros'
[0.383s] DEBUG:colcon.colcon_core.package_identification:Package '.' with type 'ros.ament_cmake' and name 'wall-e-robot'
[0.383s] Level 1:colcon.colcon_core.package_discovery:discover_packages(recursive) using defaults
[0.383s] Level 1:colcon.colcon_core.package_discovery:discover_packages(ignore) discover
[0.383s] Level 1:colcon.colcon_core.package_discovery:discover_packages(ignore) using defaults
[0.383s] Level 1:colcon.colcon_core.package_discovery:discover_packages(path) discover
[0.383s] Level 1:colcon.colcon_core.package_discovery:discover_packages(path) using defaults
[0.411s] Level 1:colcon.colcon_core.package_discovery:discover_packages(prefix_path) check parameters
[0.411s] Level 1:colcon.colcon_core.package_discovery:discover_packages(prefix_path) discover
[0.414s] DEBUG:colcon.colcon_installed_package_information.package_discovery:Found 297 installed packages in /opt/ros/humble
[0.417s] Level 1:colcon.colcon_core.package_discovery:discover_packages(prefix_path) using defaults
[0.510s] Level 5:colcon.colcon_core.verb:set package 'wall-e-robot' build argument 'cmake_args' from command line to 'None'
[0.511s] Level 5:colcon.colcon_core.verb:set package 'wall-e-robot' build argument 'cmake_target' from command line to 'None'
[0.511s] Level 5:colcon.colcon_core.verb:set package 'wall-e-robot' build argument 'cmake_target_skip_unavailable' from command line to 'False'
[0.511s] Level 5:colcon.colcon_core.verb:set package 'wall-e-robot' build argument 'cmake_clean_cache' from command line to 'False'
[0.511s] Level 5:colcon.colcon_core.verb:set package 'wall-e-robot' build argument 'cmake_clean_first' from command line to 'False'
[0.511s] Level 5:colcon.colcon_core.verb:set package 'wall-e-robot' build argument 'cmake_force_configure' from command line to 'False'
[0.511s] Level 5:colcon.colcon_core.verb:set package 'wall-e-robot' build argument 'ament_cmake_args' from command line to 'None'
[0.511s] Level 5:colcon.colcon_core.verb:set package 'wall-e-robot' build argument 'catkin_cmake_args' from command line to 'None'
[0.511s] Level 5:colcon.colcon_core.verb:set package 'wall-e-robot' build argument 'catkin_skip_building_tests' from command line to 'False'
[0.511s] DEBUG:colcon.colcon_core.verb:Building package 'wall-e-robot' with the following arguments: {'ament_cmake_args': None, 'build_base': '/home/wall-e/Documents/project/wall-e-robot/build/wall-e-robot', 'catkin_cmake_args': None, 'catkin_skip_building_tests': False, 'cmake_args': None, 'cmake_clean_cache': False, 'cmake_clean_first': False, 'cmake_force_configure': False, 'cmake_target': None, 'cmake_target_skip_unavailable': False, 'install_base': '/home/wall-e/Documents/project/wall-e-robot/install/wall-e-robot', 'merge_install': False, 'path': '/home/wall-e/Documents/project/wall-e-robot', 'symlink_install': False, 'test_result_base': None}
[0.511s] INFO:colcon.colcon_core.executor:Executing jobs using 'parallel' executor
[0.513s] DEBUG:colcon.colcon_parallel_executor.executor.parallel:run_until_complete
[0.514s] INFO:colcon.colcon_ros.task.ament_cmake.build:Building ROS package in '/home/wall-e/Documents/project/wall-e-robot' with build type 'ament_cmake'
[0.514s] INFO:colcon.colcon_cmake.task.cmake.build:Building CMake package in '/home/wall-e/Documents/project/wall-e-robot'
[0.517s] INFO:colcon.colcon_core.plugin_system:Skipping extension 'colcon_core.shell.bat': Not used on non-Windows systems
[0.517s] INFO:colcon.colcon_core.shell:Skip shell extension 'powershell' for command environment: Not usable outside of PowerShell
[0.517s] DEBUG:colcon.colcon_core.shell:Skip shell extension 'dsv' for command environment
[0.534s] DEBUG:colcon.colcon_core.event_handler.log_command:Invoking command in '/home/wall-e/Documents/project/wall-e-robot/build/wall-e-robot': CMAKE_PREFIX_PATH=/opt/ros/humble /usr/bin/cmake --build /home/wall-e/Documents/project/wall-e-robot/build/wall-e-robot -- -j8 -l8
[0.661s] DEBUG:colcon.colcon_core.event_handler.log_command:Invoked command in '/home/wall-e/Documents/project/wall-e-robot/build/wall-e-robot' returned '0': CMAKE_PREFIX_PATH=/opt/ros/humble /usr/bin/cmake --build /home/wall-e/Documents/project/wall-e-robot/build/wall-e-robot -- -j8 -l8
[0.699s] DEBUG:colcon.colcon_core.event_handler.log_command:Invoking command in '/home/wall-e/Documents/project/wall-e-robot/build/wall-e-robot': CMAKE_PREFIX_PATH=/opt/ros/humble /usr/bin/cmake --install /home/wall-e/Documents/project/wall-e-robot/build/wall-e-robot
[0.743s] Level 1:colcon.colcon_core.environment:create_environment_scripts_only(wall-e-robot)
[0.765s] Level 1:colcon.colcon_core.environment:checking '/home/wall-e/Documents/project/wall-e-robot/install/wall-e-robot' for CMake module files
[0.771s] Level 1:colcon.colcon_core.environment:checking '/home/wall-e/Documents/project/wall-e-robot/install/wall-e-robot' for CMake config files
[0.773s] DEBUG:colcon.colcon_core.event_handler.log_command:Invoked command in '/home/wall-e/Documents/project/wall-e-robot/build/wall-e-robot' returned '0': CMAKE_PREFIX_PATH=/opt/ros/humble /usr/bin/cmake --install /home/wall-e/Documents/project/wall-e-robot/build/wall-e-robot
[0.775s] Level 1:colcon.colcon_core.shell:create_environment_hook('wall-e-robot', 'cmake_prefix_path')
[0.776s] INFO:colcon.colcon_core.shell:Creating environment hook '/home/wall-e/Documents/project/wall-e-robot/install/wall-e-robot/share/wall-e-robot/hook/cmake_prefix_path.ps1'
[0.780s] INFO:colcon.colcon_core.shell:Creating environment descriptor '/home/wall-e/Documents/project/wall-e-robot/install/wall-e-robot/share/wall-e-robot/hook/cmake_prefix_path.dsv'
[0.782s] INFO:colcon.colcon_core.shell:Creating environment hook '/home/wall-e/Documents/project/wall-e-robot/install/wall-e-robot/share/wall-e-robot/hook/cmake_prefix_path.sh'
[0.787s] Level 1:colcon.colcon_core.environment:checking '/home/wall-e/Documents/project/wall-e-robot/install/wall-e-robot/bin'
[0.787s] Level 1:colcon.colcon_core.environment:checking '/home/wall-e/Documents/project/wall-e-robot/install/wall-e-robot/lib/pkgconfig/wall-e-robot.pc'
[0.789s] Level 1:colcon.colcon_core.environment:checking '/home/wall-e/Documents/project/wall-e-robot/install/wall-e-robot/lib/python3.10/site-packages'
[0.790s] Level 1:colcon.colcon_core.environment:checking '/home/wall-e/Documents/project/wall-e-robot/install/wall-e-robot/bin'
[0.792s] INFO:colcon.colcon_core.shell:Creating package script '/home/wall-e/Documents/project/wall-e-robot/install/wall-e-robot/share/wall-e-robot/package.ps1'
[0.798s] INFO:colcon.colcon_core.shell:Creating package descriptor '/home/wall-e/Documents/project/wall-e-robot/install/wall-e-robot/share/wall-e-robot/package.dsv'
[0.800s] INFO:colcon.colcon_core.shell:Creating package script '/home/wall-e/Documents/project/wall-e-robot/install/wall-e-robot/share/wall-e-robot/package.sh'
[0.803s] INFO:colcon.colcon_core.shell:Creating package script '/home/wall-e/Documents/project/wall-e-robot/install/wall-e-robot/share/wall-e-robot/package.bash'
[0.807s] INFO:colcon.colcon_core.shell:Creating package script '/home/wall-e/Documents/project/wall-e-robot/install/wall-e-robot/share/wall-e-robot/package.zsh'
[0.810s] Level 1:colcon.colcon_core.environment:create_file_with_runtime_dependencies(/home/wall-e/Documents/project/wall-e-robot/install/wall-e-robot/share/colcon-core/packages/wall-e-robot)
[0.812s] Level 1:colcon.colcon_core.environment:create_environment_scripts_only(wall-e-robot)
[0.812s] Level 1:colcon.colcon_core.environment:checking '/home/wall-e/Documents/project/wall-e-robot/install/wall-e-robot' for CMake module files
[0.814s] Level 1:colcon.colcon_core.environment:checking '/home/wall-e/Documents/project/wall-e-robot/install/wall-e-robot' for CMake config files
[0.814s] Level 1:colcon.colcon_core.shell:create_environment_hook('wall-e-robot', 'cmake_prefix_path')
[0.814s] INFO:colcon.colcon_core.shell:Creating environment hook '/home/wall-e/Documents/project/wall-e-robot/install/wall-e-robot/share/wall-e-robot/hook/cmake_prefix_path.ps1'
[0.815s] INFO:colcon.colcon_core.shell:Creating environment descriptor '/home/wall-e/Documents/project/wall-e-robot/install/wall-e-robot/share/wall-e-robot/hook/cmake_prefix_path.dsv'
[0.816s] INFO:colcon.colcon_core.shell:Creating environment hook '/home/wall-e/Documents/project/wall-e-robot/install/wall-e-robot/share/wall-e-robot/hook/cmake_prefix_path.sh'
[0.816s] Level 1:colcon.colcon_core.environment:checking '/home/wall-e/Documents/project/wall-e-robot/install/wall-e-robot/bin'
[0.816s] Level 1:colcon.colcon_core.environment:checking '/home/wall-e/Documents/project/wall-e-robot/install/wall-e-robot/lib/pkgconfig/wall-e-robot.pc'
[0.817s] Level 1:colcon.colcon_core.environment:checking '/home/wall-e/Documents/project/wall-e-robot/install/wall-e-robot/lib/python3.10/site-packages'
[0.817s] Level 1:colcon.colcon_core.environment:checking '/home/wall-e/Documents/project/wall-e-robot/install/wall-e-robot/bin'
[0.818s] INFO:colcon.colcon_core.shell:Creating package script '/home/wall-e/Documents/project/wall-e-robot/install/wall-e-robot/share/wall-e-robot/package.ps1'
[0.819s] INFO:colcon.colcon_core.shell:Creating package descriptor '/home/wall-e/Documents/project/wall-e-robot/install/wall-e-robot/share/wall-e-robot/package.dsv'
[0.820s] INFO:colcon.colcon_core.shell:Creating package script '/home/wall-e/Documents/project/wall-e-robot/install/wall-e-robot/share/wall-e-robot/package.sh'
[0.821s] INFO:colcon.colcon_core.shell:Creating package script '/home/wall-e/Documents/project/wall-e-robot/install/wall-e-robot/share/wall-e-robot/package.bash'
[0.821s] INFO:colcon.colcon_core.shell:Creating package script '/home/wall-e/Documents/project/wall-e-robot/install/wall-e-robot/share/wall-e-robot/package.zsh'
[0.822s] Level 1:colcon.colcon_core.environment:create_file_with_runtime_dependencies(/home/wall-e/Documents/project/wall-e-robot/install/wall-e-robot/share/colcon-core/packages/wall-e-robot)
[0.823s] DEBUG:colcon.colcon_parallel_executor.executor.parallel:closing loop
[0.823s] DEBUG:colcon.colcon_parallel_executor.executor.parallel:loop closed
[0.823s] DEBUG:colcon.colcon_parallel_executor.executor.parallel:run_until_complete finished with '0'
[0.823s] DEBUG:colcon.colcon_core.event_reactor:joining thread
[0.826s] DEBUG:colcon.colcon_core.event_reactor:joined thread
[0.826s] INFO:colcon.colcon_core.shell:Creating prefix script '/home/wall-e/Documents/project/wall-e-robot/install/local_setup.ps1'
[0.828s] INFO:colcon.colcon_core.shell:Creating prefix util module '/home/wall-e/Documents/project/wall-e-robot/install/_local_setup_util_ps1.py'
[0.830s] INFO:colcon.colcon_core.shell:Creating prefix chain script '/home/wall-e/Documents/project/wall-e-robot/install/setup.ps1'
[0.831s] INFO:colcon.colcon_core.shell:Creating prefix script '/home/wall-e/Documents/project/wall-e-robot/install/local_setup.sh'
[0.832s] INFO:colcon.colcon_core.shell:Creating prefix util module '/home/wall-e/Documents/project/wall-e-robot/install/_local_setup_util_sh.py'
[0.833s] INFO:colcon.colcon_core.shell:Creating prefix chain script '/home/wall-e/Documents/project/wall-e-robot/install/setup.sh'
[0.834s] INFO:colcon.colcon_core.shell:Creating prefix script '/home/wall-e/Documents/project/wall-e-robot/install/local_setup.bash'
[0.835s] INFO:colcon.colcon_core.shell:Creating prefix chain script '/home/wall-e/Documents/project/wall-e-robot/install/setup.bash'
[0.836s] INFO:colcon.colcon_core.shell:Creating prefix script '/home/wall-e/Documents/project/wall-e-robot/install/local_setup.zsh'
[0.837s] INFO:colcon.colcon_core.shell:Creating prefix chain script '/home/wall-e/Documents/project/wall-e-robot/install/setup.zsh'
