-- Install configuration: ""
-- Up-to-date: /home/wall-e/Documents/project/wall-e-robot/install/wall-e-robot/share/wall-e-robot/config
-- Up-to-date: /home/wall-e/Documents/project/wall-e-robot/install/wall-e-robot/share/wall-e-robot/config/ros2_controllers.yaml
-- Up-to-date: /home/wall-e/Documents/project/wall-e-robot/install/wall-e-robot/share/wall-e-robot/config/gz_bridge.yaml
-- Up-to-date: /home/wall-e/Documents/project/wall-e-robot/install/wall-e-robot/share/wall-e-robot/config/nav2_params.yaml
-- Up-to-date: /home/wall-e/Documents/project/wall-e-robot/install/wall-e-robot/share/wall-e-robot/config/nav2.rviz
-- Up-to-date: /home/wall-e/Documents/project/wall-e-robot/install/wall-e-robot/share/wall-e-robot/config/joystick.yaml
-- Up-to-date: /home/wall-e/Documents/project/wall-e-robot/install/wall-e-robot/share/wall-e-robot/config/mapper_params_online_async.yaml
-- Up-to-date: /home/wall-e/Documents/project/wall-e-robot/install/wall-e-robot/share/wall-e-robot/config/empty.yaml
-- Up-to-date: /home/wall-e/Documents/project/wall-e-robot/install/wall-e-robot/share/wall-e-robot/description
-- Up-to-date: /home/wall-e/Documents/project/wall-e-robot/install/wall-e-robot/share/wall-e-robot/description/robot_core_v2.xacro
-- Up-to-date: /home/wall-e/Documents/project/wall-e-robot/install/wall-e-robot/share/wall-e-robot/description/inertial_macros.xacro
-- Up-to-date: /home/wall-e/Documents/project/wall-e-robot/install/wall-e-robot/share/wall-e-robot/description/robot_core.xacro
-- Up-to-date: /home/wall-e/Documents/project/wall-e-robot/install/wall-e-robot/share/wall-e-robot/description/gazebo_control.xacro
-- Up-to-date: /home/wall-e/Documents/project/wall-e-robot/install/wall-e-robot/share/wall-e-robot/description/lidar.xacro
-- Up-to-date: /home/wall-e/Documents/project/wall-e-robot/install/wall-e-robot/share/wall-e-robot/description/camera.xacro
-- Up-to-date: /home/wall-e/Documents/project/wall-e-robot/install/wall-e-robot/share/wall-e-robot/description/ros2_control.xacro
-- Up-to-date: /home/wall-e/Documents/project/wall-e-robot/install/wall-e-robot/share/wall-e-robot/description/robot.urdf.xacro
-- Up-to-date: /home/wall-e/Documents/project/wall-e-robot/install/wall-e-robot/share/wall-e-robot/launch
-- Up-to-date: /home/wall-e/Documents/project/wall-e-robot/install/wall-e-robot/share/wall-e-robot/launch/joystick.launch.py
-- Up-to-date: /home/wall-e/Documents/project/wall-e-robot/install/wall-e-robot/share/wall-e-robot/launch/navigation_launch.launch.py
-- Up-to-date: /home/wall-e/Documents/project/wall-e-robot/install/wall-e-robot/share/wall-e-robot/launch/slam.launch.py
-- Up-to-date: /home/wall-e/Documents/project/wall-e-robot/install/wall-e-robot/share/wall-e-robot/launch/rsp.launch.py
-- Up-to-date: /home/wall-e/Documents/project/wall-e-robot/install/wall-e-robot/share/wall-e-robot/launch/launch_sim.launch.py
-- Up-to-date: /home/wall-e/Documents/project/wall-e-robot/install/wall-e-robot/share/wall-e-robot/launch/launch_robot.launch.py
-- Up-to-date: /home/wall-e/Documents/project/wall-e-robot/install/wall-e-robot/share/wall-e-robot/worlds
-- Up-to-date: /home/wall-e/Documents/project/wall-e-robot/install/wall-e-robot/share/wall-e-robot/worlds/empty.world
-- Up-to-date: /home/wall-e/Documents/project/wall-e-robot/install/wall-e-robot/share/wall-e-robot/worlds/office.sdf
-- Up-to-date: /home/wall-e/Documents/project/wall-e-robot/install/wall-e-robot/share/ament_index/resource_index/package_run_dependencies/wall-e-robot
-- Up-to-date: /home/wall-e/Documents/project/wall-e-robot/install/wall-e-robot/share/ament_index/resource_index/parent_prefix_path/wall-e-robot
-- Up-to-date: /home/wall-e/Documents/project/wall-e-robot/install/wall-e-robot/share/wall-e-robot/environment/ament_prefix_path.sh
-- Up-to-date: /home/wall-e/Documents/project/wall-e-robot/install/wall-e-robot/share/wall-e-robot/environment/ament_prefix_path.dsv
-- Up-to-date: /home/wall-e/Documents/project/wall-e-robot/install/wall-e-robot/share/wall-e-robot/environment/path.sh
-- Up-to-date: /home/wall-e/Documents/project/wall-e-robot/install/wall-e-robot/share/wall-e-robot/environment/path.dsv
-- Up-to-date: /home/wall-e/Documents/project/wall-e-robot/install/wall-e-robot/share/wall-e-robot/local_setup.bash
-- Up-to-date: /home/wall-e/Documents/project/wall-e-robot/install/wall-e-robot/share/wall-e-robot/local_setup.sh
-- Up-to-date: /home/wall-e/Documents/project/wall-e-robot/install/wall-e-robot/share/wall-e-robot/local_setup.zsh
-- Up-to-date: /home/wall-e/Documents/project/wall-e-robot/install/wall-e-robot/share/wall-e-robot/local_setup.dsv
-- Installing: /home/wall-e/Documents/project/wall-e-robot/install/wall-e-robot/share/wall-e-robot/package.dsv
-- Up-to-date: /home/wall-e/Documents/project/wall-e-robot/install/wall-e-robot/share/ament_index/resource_index/packages/wall-e-robot
-- Up-to-date: /home/wall-e/Documents/project/wall-e-robot/install/wall-e-robot/share/wall-e-robot/cmake/wall-e-robotConfig.cmake
-- Up-to-date: /home/wall-e/Documents/project/wall-e-robot/install/wall-e-robot/share/wall-e-robot/cmake/wall-e-robotConfig-version.cmake
-- Up-to-date: /home/wall-e/Documents/project/wall-e-robot/install/wall-e-robot/share/wall-e-robot/package.xml
