[0.020s] Invoking command in '/home/wall-e/Documents/project/wall-e-robot/build/wall-e-robot': CMAKE_PREFIX_PATH=${CMAKE_PREFIX_PATH}:/opt/ros/humble /usr/bin/cmake --build /home/wall-e/Documents/project/wall-e-robot/build/wall-e-robot -- -j8 -l8
[0.151s] Invoked command in '/home/wall-e/Documents/project/wall-e-robot/build/wall-e-robot' returned '0': CMAKE_PREFIX_PATH=${CMAKE_PREFIX_PATH}:/opt/ros/humble /usr/bin/cmake --build /home/wall-e/Documents/project/wall-e-robot/build/wall-e-robot -- -j8 -l8
[0.189s] Invoking command in '/home/wall-e/Documents/project/wall-e-robot/build/wall-e-robot': CMAKE_PREFIX_PATH=${CMAKE_PREFIX_PATH}:/opt/ros/humble /usr/bin/cmake --install /home/wall-e/Documents/project/wall-e-robot/build/wall-e-robot
[0.214s] -- Install configuration: ""
[0.217s] -- Up-to-date: /home/wall-e/Documents/project/wall-e-robot/install/wall-e-robot/share/wall-e-robot/config
[0.221s] -- Up-to-date: /home/wall-e/Documents/project/wall-e-robot/install/wall-e-robot/share/wall-e-robot/config/ros2_controllers.yaml
[0.223s] -- Up-to-date: /home/wall-e/Documents/project/wall-e-robot/install/wall-e-robot/share/wall-e-robot/config/gz_bridge.yaml
[0.226s] -- Up-to-date: /home/wall-e/Documents/project/wall-e-robot/install/wall-e-robot/share/wall-e-robot/config/nav2_params.yaml
[0.227s] -- Up-to-date: /home/wall-e/Documents/project/wall-e-robot/install/wall-e-robot/share/wall-e-robot/config/nav2.rviz
[0.230s] -- Up-to-date: /home/wall-e/Documents/project/wall-e-robot/install/wall-e-robot/share/wall-e-robot/config/joystick.yaml
[0.231s] -- Up-to-date: /home/wall-e/Documents/project/wall-e-robot/install/wall-e-robot/share/wall-e-robot/config/mapper_params_online_async.yaml
[0.231s] -- Up-to-date: /home/wall-e/Documents/project/wall-e-robot/install/wall-e-robot/share/wall-e-robot/config/empty.yaml
[0.232s] -- Up-to-date: /home/wall-e/Documents/project/wall-e-robot/install/wall-e-robot/share/wall-e-robot/description
[0.233s] -- Up-to-date: /home/wall-e/Documents/project/wall-e-robot/install/wall-e-robot/share/wall-e-robot/description/robot_core_v2.xacro
[0.233s] -- Up-to-date: /home/wall-e/Documents/project/wall-e-robot/install/wall-e-robot/share/wall-e-robot/description/inertial_macros.xacro
[0.234s] -- Up-to-date: /home/wall-e/Documents/project/wall-e-robot/install/wall-e-robot/share/wall-e-robot/description/robot_core.xacro
[0.235s] -- Up-to-date: /home/wall-e/Documents/project/wall-e-robot/install/wall-e-robot/share/wall-e-robot/description/gazebo_control.xacro
[0.236s] -- Up-to-date: /home/wall-e/Documents/project/wall-e-robot/install/wall-e-robot/share/wall-e-robot/description/lidar.xacro
[0.237s] -- Up-to-date: /home/wall-e/Documents/project/wall-e-robot/install/wall-e-robot/share/wall-e-robot/description/camera.xacro
[0.237s] -- Up-to-date: /home/wall-e/Documents/project/wall-e-robot/install/wall-e-robot/share/wall-e-robot/description/ros2_control.xacro
[0.238s] -- Up-to-date: /home/wall-e/Documents/project/wall-e-robot/install/wall-e-robot/share/wall-e-robot/description/robot.urdf.xacro
[0.239s] -- Up-to-date: /home/wall-e/Documents/project/wall-e-robot/install/wall-e-robot/share/wall-e-robot/launch
[0.240s] -- Up-to-date: /home/wall-e/Documents/project/wall-e-robot/install/wall-e-robot/share/wall-e-robot/launch/joystick.launch.py
[0.241s] -- Up-to-date: /home/wall-e/Documents/project/wall-e-robot/install/wall-e-robot/share/wall-e-robot/launch/navigation_launch.launch.py
[0.241s] -- Up-to-date: /home/wall-e/Documents/project/wall-e-robot/install/wall-e-robot/share/wall-e-robot/launch/slam.launch.py
[0.242s] -- Up-to-date: /home/wall-e/Documents/project/wall-e-robot/install/wall-e-robot/share/wall-e-robot/launch/rsp.launch.py
[0.242s] -- Up-to-date: /home/wall-e/Documents/project/wall-e-robot/install/wall-e-robot/share/wall-e-robot/launch/launch_sim.launch.py
[0.243s] -- Up-to-date: /home/wall-e/Documents/project/wall-e-robot/install/wall-e-robot/share/wall-e-robot/launch/launch_robot.launch.py
[0.244s] -- Up-to-date: /home/wall-e/Documents/project/wall-e-robot/install/wall-e-robot/share/wall-e-robot/worlds
[0.247s] -- Up-to-date: /home/wall-e/Documents/project/wall-e-robot/install/wall-e-robot/share/wall-e-robot/worlds/empty.world
[0.248s] -- Up-to-date: /home/wall-e/Documents/project/wall-e-robot/install/wall-e-robot/share/wall-e-robot/worlds/office.sdf
[0.248s] -- Up-to-date: /home/wall-e/Documents/project/wall-e-robot/install/wall-e-robot/share/ament_index/resource_index/package_run_dependencies/wall-e-robot
[0.249s] -- Up-to-date: /home/wall-e/Documents/project/wall-e-robot/install/wall-e-robot/share/ament_index/resource_index/parent_prefix_path/wall-e-robot
[0.250s] -- Up-to-date: /home/wall-e/Documents/project/wall-e-robot/install/wall-e-robot/share/wall-e-robot/environment/ament_prefix_path.sh
[0.251s] -- Up-to-date: /home/wall-e/Documents/project/wall-e-robot/install/wall-e-robot/share/wall-e-robot/environment/ament_prefix_path.dsv
[0.251s] -- Up-to-date: /home/wall-e/Documents/project/wall-e-robot/install/wall-e-robot/share/wall-e-robot/environment/path.sh
[0.252s] -- Up-to-date: /home/wall-e/Documents/project/wall-e-robot/install/wall-e-robot/share/wall-e-robot/environment/path.dsv
[0.253s] -- Up-to-date: /home/wall-e/Documents/project/wall-e-robot/install/wall-e-robot/share/wall-e-robot/local_setup.bash
[0.253s] -- Up-to-date: /home/wall-e/Documents/project/wall-e-robot/install/wall-e-robot/share/wall-e-robot/local_setup.sh
[0.254s] -- Up-to-date: /home/wall-e/Documents/project/wall-e-robot/install/wall-e-robot/share/wall-e-robot/local_setup.zsh
[0.255s] -- Up-to-date: /home/wall-e/Documents/project/wall-e-robot/install/wall-e-robot/share/wall-e-robot/local_setup.dsv
[0.255s] -- Installing: /home/wall-e/Documents/project/wall-e-robot/install/wall-e-robot/share/wall-e-robot/package.dsv
[0.256s] -- Up-to-date: /home/wall-e/Documents/project/wall-e-robot/install/wall-e-robot/share/ament_index/resource_index/packages/wall-e-robot
[0.256s] -- Up-to-date: /home/wall-e/Documents/project/wall-e-robot/install/wall-e-robot/share/wall-e-robot/cmake/wall-e-robotConfig.cmake
[0.257s] -- Up-to-date: /home/wall-e/Documents/project/wall-e-robot/install/wall-e-robot/share/wall-e-robot/cmake/wall-e-robotConfig-version.cmake
[0.259s] -- Up-to-date: /home/wall-e/Documents/project/wall-e-robot/install/wall-e-robot/share/wall-e-robot/package.xml
[0.260s] Invoked command in '/home/wall-e/Documents/project/wall-e-robot/build/wall-e-robot' returned '0': CMAKE_PREFIX_PATH=${CMAKE_PREFIX_PATH}:/opt/ros/humble /usr/bin/cmake --install /home/wall-e/Documents/project/wall-e-robot/build/wall-e-robot
